icm20948.c:430:13:select_user_bank	32	static
icm20948.c:473:17:read_multiple_icm20948_reg	32	static
icm20948.c:443:16:read_single_icm20948_reg	40	static
icm20948.c:458:13:write_single_icm20948_reg	32	static
icm20948.c:489:13:write_multiple_icm20948_reg	32	static
icm20948.c:70:6:ICM20948_Gyro_Read	8	static
icm20948.c:79:6:ICM20948_Accel_Read	8	static
icm20948.c:109:6:ICM20948_Gyro_Read_dps	8	static
icm20948.c:118:6:ICM20948_Accel_Read_g	8	static
icm20948.c:142:6:icm20948_who_am_i	8	static
icm20948.c:162:6:icm20948_device_reset	8	static
icm20948.c:174:6:icm20948_wakeup	8	static
icm20948.c:183:6:icm20948_sleep	8	static
icm20948.c:225:6:icm20948_clock_source	8	static
icm20948.c:233:6:icm20948_odr_align_enable	0	static
icm20948.c:238:6:icm20948_gyro_low_pass_filter	8	static
icm20948.c:246:6:icm20948_accel_low_pass_filter	8	static
icm20948.c:254:6:icm20948_gyro_sample_rate_divider	0	static
icm20948.c:259:6:icm20948_accel_sample_rate_divider	8	static
icm20948.c:274:6:icm20948_gyro_calibration	48	static
icm20948.c:306:6:icm20948_accel_calibration	64	static
icm20948.c:364:6:icm20948_gyro_full_scale_select	8	static
icm20948.c:391:6:icm20948_accel_full_scale_select	8	static
icm20948.c:33:6:ICM20948_Init	8	static
