icm20948.c:423:6:select_user_bank	32	static
icm20948.c:436:9:read_single_icm20948_reg	40	static
icm20948.c:135:6:icm20948_who_am_i	8	static
icm20948.c:451:6:write_single_icm20948_reg	32	static
icm20948.c:155:6:icm20948_device_reset	8	static
icm20948.c:167:6:icm20948_wakeup	8	static
icm20948.c:176:6:icm20948_sleep	8	static
icm20948.c:218:6:icm20948_clock_source	8	static
icm20948.c:226:6:icm20948_odr_align_enable	0	static
icm20948.c:231:6:icm20948_gyro_low_pass_filter	8	static
icm20948.c:239:6:icm20948_accel_low_pass_filter	8	static
icm20948.c:247:6:icm20948_gyro_sample_rate_divider	0	static
icm20948.c:252:6:icm20948_accel_sample_rate_divider	8	static
icm20948.c:357:6:icm20948_gyro_full_scale_select	8	static
icm20948.c:384:6:icm20948_accel_full_scale_select	8	static
icm20948.c:466:10:read_multiple_icm20948_reg	32	static
icm20948.c:63:6:ICM20948_Gyro_Read	8	static
icm20948.c:102:6:ICM20948_Gyro_Read_dps	8	static
icm20948.c:72:6:ICM20948_Accel_Read	8	static
icm20948.c:111:6:ICM20948_Accel_Read_g	8	static
icm20948.c:482:6:write_multiple_icm20948_reg	32	static
icm20948.c:267:6:icm20948_gyro_calibration	48	static
icm20948.c:299:6:icm20948_accel_calibration	64	static
icm20948.c:26:6:ICM20948_Init	8	static
