main.c:879:6:Encoder	48	static
main.c:928:6:Display	32	static
main.c:953:6:Gyroscope	32	static
main.c:229:6:SystemClock_Config	88	static,ignoring_inline_asm
main.c:132:5:main	112	static,ignoring_inline_asm
main.c:643:6:HAL_UART_RxCpltCallback	0	static
main.c:654:5:IR	8	static
main.c:992:6:Obstacle_Straight_Move	88	static
main.c:1029:6:Straight_Move	32	static
main.c:1236:6:Turning	32	static
main.c:1340:6:U_Turn	40	static
main.c:1396:6:Spot_Rotate	24	static
main.c:714:6:StartDefaultTask	104	static
main.c:1455:6:Error_Handler	0	static,ignoring_inline_asm
