stm32f4xx_hal_msp.c:66:6:HAL_MspInit	8	static
stm32f4xx_hal_msp.c:90:6:HAL_ADC_MspInit	40	static
stm32f4xx_hal_msp.c:123:6:HAL_ADC_MspDeInit	0	static
stm32f4xx_hal_msp.c:151:6:HAL_I2C_MspInit	48	static
stm32f4xx_hal_msp.c:187:6:HAL_I2C_MspDeInit	8	static
stm32f4xx_hal_msp.c:218:6:HAL_TIM_Base_MspInit	40	static
stm32f4xx_hal_msp.c:265:6:HAL_TIM_Encoder_MspInit	56	static
stm32f4xx_hal_msp.c:327:6:HAL_TIM_MspPostInit	32	static
stm32f4xx_hal_msp.c:359:6:HAL_TIM_Base_MspDeInit	0	static
stm32f4xx_hal_msp.c:399:6:HAL_TIM_Encoder_MspDeInit	8	static
stm32f4xx_hal_msp.c:448:6:HAL_UART_MspInit	40	static
stm32f4xx_hal_msp.c:487:6:HAL_UART_MspDeInit	8	static
