stm32f4xx_hal_msp.c:66:6:HAL_MspInit	8	static
stm32f4xx_hal_msp.c:90:6:HAL_ADC_MspInit	40	static
stm32f4xx_hal_msp.c:123:6:HAL_ADC_MspDeInit	0	static
stm32f4xx_hal_msp.c:151:6:HAL_TIM_Base_MspInit	40	static
stm32f4xx_hal_msp.c:198:6:HAL_TIM_Encoder_MspInit	56	static
stm32f4xx_hal_msp.c:260:6:HAL_TIM_MspPostInit	32	static
stm32f4xx_hal_msp.c:292:6:HAL_TIM_Base_MspDeInit	0	static
stm32f4xx_hal_msp.c:332:6:HAL_TIM_Encoder_MspDeInit	8	static
stm32f4xx_hal_msp.c:381:6:HAL_UART_MspInit	40	static
stm32f4xx_hal_msp.c:420:6:HAL_UART_MspDeInit	8	static
