stm32f4xx_ll_i2c.h:372:22:LL_I2C_Enable	16	static
stm32f4xx_ll_i2c.h:394:26:LL_I2C_IsEnabled	16	static
stm32f4xx_ll_i2c.h:535:22:LL_I2C_DisableDMAReq_RX	16	static
stm32f4xx_ll_i2c.h:1025:22:LL_I2C_DisableIT_TX	16	static
stm32f4xx_ll_i2c.h:1061:22:LL_I2C_DisableIT_RX	16	static
stm32f4xx_ll_i2c.h:1237:26:LL_I2C_IsActiveFlag_TXE	16	static
stm32f4xx_ll_i2c.h:1250:26:LL_I2C_IsActiveFlag_BTF	16	static
stm32f4xx_ll_i2c.h:1263:26:LL_I2C_IsActiveFlag_RXNE	16	static
stm32f4xx_ll_i2c.h:1276:26:LL_I2C_IsActiveFlag_SB	16	static
stm32f4xx_ll_i2c.h:1289:26:LL_I2C_IsActiveFlag_ADDR	16	static
stm32f4xx_ll_i2c.h:1419:26:LL_I2C_IsActiveFlag_BUSY	16	static
stm32f4xx_ll_i2c.h:1504:22:LL_I2C_ClearFlag_ADDR	24	static
stm32f4xx_ll_i2c.h:1662:22:LL_I2C_AcknowledgeNextData	16	static
stm32f4xx_ll_i2c.h:1675:22:LL_I2C_GenerateStartCondition	16	static
stm32f4xx_ll_i2c.h:1686:22:LL_I2C_GenerateStopCondition	16	static
stm32f4xx_ll_i2c.h:1710:22:LL_I2C_DisableBitPOS	16	static
stm32f4xx_ll_i2c.h:1836:25:LL_I2C_ReceiveData8	16	static
stm32f4xx_ll_i2c.h:1848:22:LL_I2C_TransmitData8	16	static
I2C.c:10:6:I2C_init	16	static
I2C.c:17:6:I2C_Transmit	32	static
I2C.c:58:6:I2C_Receive	40	static
