ICM20948.c:32:6:ICM20948_Init	8	static
ICM20948.c:57:6:AK09916_Init	8	static
ICM20948.c:69:6:ICM20948_Gyro_Read	24	static
ICM20948.c:78:6:ICM20948_Accel_Read	24	static
ICM20948.c:88:6:AK09916_Mag_Read	32	static
ICM20948.c:108:6:ICM20948_Gyro_Read_dps	16	static
ICM20948.c:117:6:ICM20948_Accel_Read_g	16	static
ICM20948.c:126:6:AK09916_Mag_Read_uT	32	static
ICM20948.c:141:6:icm20948_who_am_i	16	static
ICM20948.c:151:6:ak09916_who_am_i	16	static
ICM20948.c:161:6:icm20948_device_reset	8	static
ICM20948.c:167:6:ak09916_soft_reset	8	static
ICM20948.c:173:6:icm20948_wakeup	16	static
ICM20948.c:182:6:icm20948_sleep	16	static
ICM20948.c:199:6:icm20948_i2c_master_reset	16	static
ICM20948.c:207:6:icm20948_i2c_master_enable	16	static
ICM20948.c:216:6:icm20948_i2c_master_clk_frq	24	static
ICM20948.c:224:6:icm20948_clock_source	24	static
ICM20948.c:232:6:icm20948_odr_align_enable	8	static
ICM20948.c:237:6:icm20948_gyro_low_pass_filter	24	static
ICM20948.c:245:6:icm20948_accel_low_pass_filter	24	static
ICM20948.c:253:6:icm20948_gyro_sample_rate_divider	16	static
ICM20948.c:258:6:icm20948_accel_sample_rate_divider	24	static
ICM20948.c:267:6:ak09916_operation_mode_setting	16	static
ICM20948.c:273:6:icm20948_gyro_calibration	48	static
ICM20948.c:305:6:icm20948_accel_calibration	72	static
ICM20948.c:363:6:icm20948_gyro_full_scale_select	24	static
ICM20948.c:390:6:icm20948_accel_full_scale_select	24	static
ICM20948.c:429:13:select_user_bank	32	static
ICM20948.c:442:16:read_single_icm20948_reg	40	static
ICM20948.c:457:13:write_single_icm20948_reg	32	static
ICM20948.c:472:17:read_multiple_icm20948_reg	32	static
ICM20948.c:488:13:write_multiple_icm20948_reg	32	static
ICM20948.c:501:16:read_single_ak09916_reg	16	static
ICM20948.c:511:13:write_single_ak09916_reg	16	static
ICM20948.c:519:17:read_multiple_ak09916_reg	16	static
