stm32f4xx_ll_i2c.h:569:22:LL_I2C_EnableClockStretching	16	static
stm32f4xx_ll_i2c.h:616:22:LL_I2C_DisableGeneralCall	16	static
stm32f4xx_ll_i2c.h:658:22:LL_I2C_SetOwnAddress2	16	static
stm32f4xx_ll_i2c.h:680:22:LL_I2C_DisableOwnAddress2	16	static
stm32f4xx_ll_bus.h:411:22:LL_AHB1_GRP1_EnableClock	24	static
stm32f4xx_ll_bus.h:1187:22:LL_APB1_GRP1_EnableClock	24	static
main.c:134:5:main	8	static
main.c:232:6:SystemClock_Config	88	static
main.c:272:13:MX_ADC1_Init	24	static
main.c:322:13:MX_I2C1_Init	56	static
main.c:376:13:MX_TIM1_Init	96	static
main.c:450:13:MX_TIM2_Init	56	static
main.c:499:13:MX_TIM3_Init	56	static
main.c:548:13:MX_TIM8_Init	96	static
main.c:626:13:MX_USART3_UART_Init	8	static
main.c:659:13:MX_GPIO_Init	48	static
main.c:695:6:HAL_UART_RxCpltCallback	16	static
main.c:706:5:IR	24	static
main.c:766:6:StartDefaultTask	112	static
main.c:932:6:Encoder	56	static
main.c:982:6:Display	48	static
main.c:1008:6:Gyroscope	40	static
main.c:1048:6:Obstacle_Straight_Move	88	static
main.c:1085:6:Straight_Move	32	static
main.c:1292:6:Turning	56	static
main.c:1396:6:U_Turn	48	static
main.c:1452:6:Spot_Rotate	24	static
main.c:1511:6:Error_Handler	4	static,ignoring_inline_asm
