main.c:138:5:main	8	static
main.c:233:6:SystemClock_Config	88	static
main.c:273:13:MX_ADC1_Init	24	static
main.c:323:13:MX_ADC2_Init	24	static
main.c:373:13:MX_I2C1_Init	8	static
main.c:407:13:MX_TIM1_Init	96	static
main.c:481:13:MX_TIM2_Init	56	static
main.c:530:13:MX_TIM3_Init	56	static
main.c:579:13:MX_TIM8_Init	96	static
main.c:657:13:MX_USART3_UART_Init	8	static
main.c:690:13:MX_GPIO_Init	48	static
main.c:726:6:HAL_UART_RxCpltCallback	16	static
main.c:739:5:IR	24	static
main.c:796:6:Straight_Move	48	static
main.c:945:5:Long_Forward	112	static
main.c:1043:6:Turning	24	static
main.c:1101:6:Tight_Turn	64	static
main.c:1543:6:Fast_Run	32	static
main.c:1586:6:StartDefaultTask	120	static
main.c:1726:6:Encoder	64	static
main.c:1778:6:Display	48	static
main.c:1803:6:Gyroscope	32	static
main.c:1834:6:Error_Handler	4	static,ignoring_inline_asm
