stm32f4xx_ll_i2c.h:569:22:LL_I2C_EnableClockStretching	16	static
stm32f4xx_ll_i2c.h:616:22:LL_I2C_DisableGeneralCall	16	static
stm32f4xx_ll_i2c.h:658:22:LL_I2C_SetOwnAddress2	16	static
stm32f4xx_ll_i2c.h:680:22:LL_I2C_DisableOwnAddress2	16	static
stm32f4xx_ll_bus.h:411:22:LL_AHB1_GRP1_EnableClock	24	static
stm32f4xx_ll_bus.h:1187:22:LL_APB1_GRP1_EnableClock	24	static
main.c:122:5:main	8	static
main.c:216:6:SystemClock_Config	88	static
main.c:256:13:MX_ADC1_Init	24	static
main.c:306:13:MX_I2C1_Init	56	static
main.c:360:13:MX_TIM1_Init	96	static
main.c:434:13:MX_TIM2_Init	56	static
main.c:483:13:MX_TIM3_Init	56	static
main.c:532:13:MX_TIM8_Init	96	static
main.c:610:13:MX_USART3_UART_Init	8	static
main.c:643:13:MX_GPIO_Init	48	static
main.c:686:6:HAL_UART_RxCpltCallback	16	static
main.c:700:6:StartDefaultTask	16	static
main.c:718:6:Encoder	56	static
main.c:768:6:Display	48	static
main.c:789:6:Gyroscope	16	static
main.c:800:6:Error_Handler	4	static,ignoring_inline_asm
