Archive member included to satisfy reference by file (symbol)

c:/st/stm32cubeide_1.8.0/stm32cubeide/plugins/com.st.stm32cube.ide.mcu.externaltools.gnu-tools-for-stm32.9-2020-q2-update.win32_2.0.0.202105311346/tools/bin/../lib/gcc/arm-none-eabi/9.3.1/../../../../arm-none-eabi/lib/thumb/v7e-m+fp/hard\libc_nano.a(lib_a-errno.o)
                              ./Core/Src/syscalls.o (__errno)
c:/st/stm32cubeide_1.8.0/stm32cubeide/plugins/com.st.stm32cube.ide.mcu.externaltools.gnu-tools-for-stm32.9-2020-q2-update.win32_2.0.0.202105311346/tools/bin/../lib/gcc/arm-none-eabi/9.3.1/../../../../arm-none-eabi/lib/thumb/v7e-m+fp/hard\libc_nano.a(lib_a-exit.o)
                              c:/st/stm32cubeide_1.8.0/stm32cubeide/plugins/com.st.stm32cube.ide.mcu.externaltools.gnu-tools-for-stm32.9-2020-q2-update.win32_2.0.0.202105311346/tools/bin/../lib/gcc/arm-none-eabi/9.3.1/../../../../arm-none-eabi/lib/thumb/v7e-m+fp/hard/crt0.o (exit)
c:/st/stm32cubeide_1.8.0/stm32cubeide/plugins/com.st.stm32cube.ide.mcu.externaltools.gnu-tools-for-stm32.9-2020-q2-update.win32_2.0.0.202105311346/tools/bin/../lib/gcc/arm-none-eabi/9.3.1/../../../../arm-none-eabi/lib/thumb/v7e-m+fp/hard\libc_nano.a(lib_a-impure.o)
                              c:/st/stm32cubeide_1.8.0/stm32cubeide/plugins/com.st.stm32cube.ide.mcu.externaltools.gnu-tools-for-stm32.9-2020-q2-update.win32_2.0.0.202105311346/tools/bin/../lib/gcc/arm-none-eabi/9.3.1/../../../../arm-none-eabi/lib/thumb/v7e-m+fp/hard\libc_nano.a(lib_a-exit.o) (_global_impure_ptr)
c:/st/stm32cubeide_1.8.0/stm32cubeide/plugins/com.st.stm32cube.ide.mcu.externaltools.gnu-tools-for-stm32.9-2020-q2-update.win32_2.0.0.202105311346/tools/bin/../lib/gcc/arm-none-eabi/9.3.1/../../../../arm-none-eabi/lib/thumb/v7e-m+fp/hard\libc_nano.a(lib_a-init.o)
                              c:/st/stm32cubeide_1.8.0/stm32cubeide/plugins/com.st.stm32cube.ide.mcu.externaltools.gnu-tools-for-stm32.9-2020-q2-update.win32_2.0.0.202105311346/tools/bin/../lib/gcc/arm-none-eabi/9.3.1/../../../../arm-none-eabi/lib/thumb/v7e-m+fp/hard/crt0.o (__libc_init_array)
c:/st/stm32cubeide_1.8.0/stm32cubeide/plugins/com.st.stm32cube.ide.mcu.externaltools.gnu-tools-for-stm32.9-2020-q2-update.win32_2.0.0.202105311346/tools/bin/../lib/gcc/arm-none-eabi/9.3.1/../../../../arm-none-eabi/lib/thumb/v7e-m+fp/hard\libc_nano.a(lib_a-memcpy-stub.o)
                              ./Middlewares/Third_Party/FreeRTOS/Source/CMSIS_RTOS_V2/cmsis_os2.o (memcpy)
c:/st/stm32cubeide_1.8.0/stm32cubeide/plugins/com.st.stm32cube.ide.mcu.externaltools.gnu-tools-for-stm32.9-2020-q2-update.win32_2.0.0.202105311346/tools/bin/../lib/gcc/arm-none-eabi/9.3.1/../../../../arm-none-eabi/lib/thumb/v7e-m+fp/hard\libc_nano.a(lib_a-memset.o)
                              c:/st/stm32cubeide_1.8.0/stm32cubeide/plugins/com.st.stm32cube.ide.mcu.externaltools.gnu-tools-for-stm32.9-2020-q2-update.win32_2.0.0.202105311346/tools/bin/../lib/gcc/arm-none-eabi/9.3.1/../../../../arm-none-eabi/lib/thumb/v7e-m+fp/hard/crt0.o (memset)
c:/st/stm32cubeide_1.8.0/stm32cubeide/plugins/com.st.stm32cube.ide.mcu.externaltools.gnu-tools-for-stm32.9-2020-q2-update.win32_2.0.0.202105311346/tools/bin/../lib/gcc/arm-none-eabi/9.3.1/../../../../arm-none-eabi/lib/thumb/v7e-m+fp/hard\libc_nano.a(lib_a-nano-vfprintf_float.o)
                              (_printf_float)
c:/st/stm32cubeide_1.8.0/stm32cubeide/plugins/com.st.stm32cube.ide.mcu.externaltools.gnu-tools-for-stm32.9-2020-q2-update.win32_2.0.0.202105311346/tools/bin/../lib/gcc/arm-none-eabi/9.3.1/../../../../arm-none-eabi/lib/thumb/v7e-m+fp/hard\libc_nano.a(lib_a-nano-vfprintf_i.o)
                              c:/st/stm32cubeide_1.8.0/stm32cubeide/plugins/com.st.stm32cube.ide.mcu.externaltools.gnu-tools-for-stm32.9-2020-q2-update.win32_2.0.0.202105311346/tools/bin/../lib/gcc/arm-none-eabi/9.3.1/../../../../arm-none-eabi/lib/thumb/v7e-m+fp/hard\libc_nano.a(lib_a-nano-vfprintf_float.o) (_printf_common)
c:/st/stm32cubeide_1.8.0/stm32cubeide/plugins/com.st.stm32cube.ide.mcu.externaltools.gnu-tools-for-stm32.9-2020-q2-update.win32_2.0.0.202105311346/tools/bin/../lib/gcc/arm-none-eabi/9.3.1/../../../../arm-none-eabi/lib/thumb/v7e-m+fp/hard\libc_nano.a(lib_a-printf.o)
                              ./Core/Src/ICM20948.o (printf)
c:/st/stm32cubeide_1.8.0/stm32cubeide/plugins/com.st.stm32cube.ide.mcu.externaltools.gnu-tools-for-stm32.9-2020-q2-update.win32_2.0.0.202105311346/tools/bin/../lib/gcc/arm-none-eabi/9.3.1/../../../../arm-none-eabi/lib/thumb/v7e-m+fp/hard\libc_nano.a(lib_a-puts.o)
                              ./Core/Src/main.o (puts)
c:/st/stm32cubeide_1.8.0/stm32cubeide/plugins/com.st.stm32cube.ide.mcu.externaltools.gnu-tools-for-stm32.9-2020-q2-update.win32_2.0.0.202105311346/tools/bin/../lib/gcc/arm-none-eabi/9.3.1/../../../../arm-none-eabi/lib/thumb/v7e-m+fp/hard\libc_nano.a(lib_a-sprintf.o)
                              ./Core/Src/main.o (sprintf)
[...]
Memory Configuration

Name             Origin             Length             Attributes
CCMRAM           0x0000000010000000 0x0000000000010000 xrw
RAM              0x0000000020000000 0x0000000000020000 xrw
FLASH            0x0000000008000000 0x0000000000080000 xr
*default*        0x0000000000000000 0xffffffffffffffff

Linker script and memory map

LOAD c:/st/stm32cubeide_1.8.0/stm32cubeide/plugins/com.st.stm32cube.ide.mcu.externaltools.gnu-tools-for-stm32.9-2020-q2-update.win32_2.0.0.202105311346/tools/bin/../lib/gcc/arm-none-eabi/9.3.1/thumb/v7e-m+fp/hard/crti.o
LOAD c:/st/stm32cubeide_1.8.0/stm32cubeide/plugins/com.st.stm32cube.ide.mcu.externaltools.gnu-tools-for-stm32.9-2020-q2-update.win32_2.0.0.202105311346/tools/bin/../lib/gcc/arm-none-eabi/9.3.1/thumb/v7e-m+fp/hard/crtbegin.o
LOAD c:/st/stm32cubeide_1.8.0/stm32cubeide/plugins/com.st.stm32cube.ide.mcu.externaltools.gnu-tools-for-stm32.9-2020-q2-update.win32_2.0.0.202105311346/tools/bin/../lib/gcc/arm-none-eabi/9.3.1/../../../../arm-none-eabi/lib/thumb/v7e-m+fp/hard/crt0.o
LOAD ./Core/PeripheralDriver/Src/oled.o
LOAD ./Core/Src/I2C.o
LOAD ./Core/Src/ICM20948.o
LOAD ./Core/Src/freertos.o
LOAD ./Core/Src/main.o
LOAD ./Core/Src/stm32f4xx_hal_msp.o
LOAD ./Core/Src/stm32f4xx_it.o
LOAD ./Core/Src/syscalls.o
LOAD ./Core/Src/sysmem.o
LOAD ./Core/Src/system_stm32f4xx.o
LOAD ./Core/Startup/startup_stm32f407vetx.o
LOAD ./Drivers/STM32F4xx_HAL_Driver/Src/stm32f4xx_hal.o
LOAD ./Drivers/STM32F4xx_HAL_Driver/Src/stm32f4xx_hal_cortex.o
LOAD ./Drivers/STM32F4xx_HAL_Driver/Src/stm32f4xx_hal_dma.o
LOAD ./Drivers/STM32F4xx_HAL_Driver/Src/stm32f4xx_hal_dma_ex.o
LOAD ./Drivers/STM32F4xx_HAL_Driver/Src/stm32f4xx_hal_exti.o
LOAD ./Drivers/STM32F4xx_HAL_Driver/Src/stm32f4xx_hal_flash.o
LOAD ./Drivers/STM32F4xx_HAL_Driver/Src/stm32f4xx_hal_flash_ex.o
LOAD ./Drivers/STM32F4xx_HAL_Driver/Src/stm32f4xx_hal_flash_ramfunc.o
LOAD ./Drivers/STM32F4xx_HAL_Driver/Src/stm32f4xx_hal_gpio.o
LOAD ./Drivers/STM32F4xx_HAL_Driver/Src/stm32f4xx_hal_pwr.o
LOAD ./Drivers/STM32F4xx_HAL_Driver/Src/stm32f4xx_hal_pwr_ex.o
LOAD ./Drivers/STM32F4xx_HAL_Driver/Src/stm32f4xx_hal_rcc.o
LOAD ./Drivers/STM32F4xx_HAL_Driver/Src/stm32f4xx_hal_rcc_ex.o
LOAD ./Drivers/STM32F4xx_HAL_Driver/Src/stm32f4xx_hal_tim.o
LOAD ./Drivers/STM32F4xx_HAL_Driver/Src/stm32f4xx_hal_tim_ex.o
LOAD ./Drivers/STM32F4xx_HAL_Driver/Src/stm32f4xx_hal_uart.o
LOAD ./Drivers/STM32F4xx_HAL_Driver/Src/stm32f4xx_ll_dma.o
LOAD ./Drivers/STM32F4xx_HAL_Driver/Src/stm32f4xx_ll_exti.o
LOAD ./Drivers/STM32F4xx_HAL_Driver/Src/stm32f4xx_ll_gpio.o
LOAD ./Drivers/STM32F4xx_HAL_Driver/Src/stm32f4xx_ll_i2c.o
LOAD ./Drivers/STM32F4xx_HAL_Driver/Src/stm32f4xx_ll_rcc.o
LOAD ./Drivers/STM32F4xx_HAL_Driver/Src/stm32f4xx_ll_utils.o
LOAD ./Middlewares/Third_Party/FreeRTOS/Source/CMSIS_RTOS_V2/cmsis_os2.o
LOAD ./Middlewares/Third_Party/FreeRTOS/Source/croutine.o
LOAD ./Middlewares/Third_Party/FreeRTOS/Source/event_groups.o
LOAD ./Middlewares/Third_Party/FreeRTOS/Source/list.o
LOAD ./Middlewares/Third_Party/FreeRTOS/Source/queue.o
LOAD ./Middlewares/Third_Party/FreeRTOS/Source/stream_buffer.o
LOAD ./Middlewares/Third_Party/FreeRTOS/Source/tasks.o
LOAD ./Middlewares/Third_Party/FreeRTOS/Source/timers.o
LOAD ./Middlewares/Third_Party/FreeRTOS/Source/portable/GCC/ARM_CM4F/port.o
LOAD ./Middlewares/Third_Party/FreeRTOS/Source/portable/MemMang/heap_4.o
START GROUP
LOAD c:/st/stm32cubeide_1.8.0/stm32cubeide/plugins/com.st.stm32cube.ide.mcu.externaltools.gnu-tools-for-stm32.9-2020-q2-update.win32_2.0.0.202105311346/tools/bin/../lib/gcc/arm-none-eabi/9.3.1/../../../../arm-none-eabi/lib/thumb/v7e-m+fp/hard\libc_nano.a
LOAD c:/st/stm32cubeide_1.8.0/stm32cubeide/plugins/com.st.stm32cube.ide.mcu.externaltools.gnu-tools-for-stm32.9-2020-q2-update.win32_2.0.0.202105311346/tools/bin/../lib/gcc/arm-none-eabi/9.3.1/../../../../arm-none-eabi/lib/thumb/v7e-m+fp/hard\libm.a
END GROUP
START GROUP
LOAD c:/st/stm32cubeide_1.8.0/stm32cubeide/plugins/com.st.stm32cube.ide.mcu.externaltools.gnu-tools-for-stm32.9-2020-q2-update.win32_2.0.0.202105311346/tools/bin/../lib/gcc/arm-none-eabi/9.3.1/thumb/v7e-m+fp/hard\libgcc.a
LOAD c:/st/stm32cubeide_1.8.0/stm32cubeide/plugins/com.st.stm32cube.ide.mcu.externaltools.gnu-tools-for-stm32.9-2020-q2-update.win32_2.0.0.202105311346/tools/bin/../lib/gcc/arm-none-eabi/9.3.1/../../../../arm-none-eabi/lib/thumb/v7e-m+fp/hard\libc_nano.a
END GROUP
START GROUP
LOAD c:/st/stm32cubeide_1.8.0/stm32cubeide/plugins/com.st.stm32cube.ide.mcu.externaltools.gnu-tools-for-stm32.9-2020-q2-update.win32_2.0.0.202105311346/tools/bin/../lib/gcc/arm-none-eabi/9.3.1/thumb/v7e-m+fp/hard\libgcc.a
LOAD c:/st/stm32cubeide_1.8.0/stm32cubeide/plugins/com.st.stm32cube.ide.mcu.externaltools.gnu-tools-for-stm32.9-2020-q2-update.win32_2.0.0.202105311346/tools/bin/../lib/gcc/arm-none-eabi/9.3.1/../../../../arm-none-eabi/lib/thumb/v7e-m+fp/hard\libc_nano.a
LOAD c:/st/stm32cubeide_1.8.0/stm32cubeide/plugins/com.st.stm32cube.ide.mcu.externaltools.gnu-tools-for-stm32.9-2020-q2-update.win32_2.0.0.202105311346/tools/bin/../lib/gcc/arm-none-eabi/9.3.1/../../../../arm-none-eabi/lib/thumb/v7e-m+fp/hard\libnosys.a
END GROUP
START GROUP
LOAD c:/st/stm32cubeide_1.8.0/stm32cubeide/plugins/com.st.stm32cube.ide.mcu.externaltools.gnu-tools-for-stm32.9-2020-q2-update.win32_2.0.0.202105311346/tools/bin/../lib/gcc/arm-none-eabi/9.3.1/thumb/v7e-m+fp/hard\libgcc.a
LOAD c:/st/stm32cubeide_1.8.0/stm32cubeide/plugins/com.st.stm32cube.ide.mcu.externaltools.gnu-tools-for-stm32.9-2020-q2-update.win32_2.0.0.202105311346/tools/bin/../lib/gcc/arm-none-eabi/9.3.1/../../../../arm-none-eabi/lib/thumb/v7e-m+fp/hard\libc_nano.a
LOAD c:/st/stm32cubeide_1.8.0/stm32cubeide/plugins/com.st.stm32cube.ide.mcu.externaltools.gnu-tools-for-stm32.9-2020-q2-update.win32_2.0.0.202105311346/tools/bin/../lib/gcc/arm-none-eabi/9.3.1/../../../../arm-none-eabi/lib/thumb/v7e-m+fp/hard\libnosys.a
END GROUP
LOAD c:/st/stm32cubeide_1.8.0/stm32cubeide/plugins/com.st.stm32cube.ide.mcu.externaltools.gnu-tools-for-stm32.9-2020-q2-update.win32_2.0.0.202105311346/tools/bin/../lib/gcc/arm-none-eabi/9.3.1/thumb/v7e-m+fp/hard/crtend.o
LOAD c:/st/stm32cubeide_1.8.0/stm32cubeide/plugins/com.st.stm32cube.ide.mcu.externaltools.gnu-tools-for-stm32.9-2020-q2-update.win32_2.0.0.202105311346/tools/bin/../lib/gcc/arm-none-eabi/9.3.1/thumb/v7e-m+fp/hard/crtn.o
                0x0000000020020000                _estack = (ORIGIN (RAM) + LENGTH (RAM))
                0x0000000000000200                _Min_Heap_Size = 0x200
                0x0000000000000400                _Min_Stack_Size = 0x400

.isr_vector     0x0000000008000000      0x188
                0x0000000008000000                . = ALIGN (0x4)
 *(.isr_vector)
 .isr_vector    0x0000000008000000      0x188 ./Core/Startup/startup_stm32f407vetx.o
                0x0000000008000000                g_pfnVectors
                0x0000000008000188                . = ALIGN (0x4)

.text           0x0000000008000190     0x9124
                0x0000000008000190                . = ALIGN (0x4)
 *(.text)
 .text          0x0000000008000190       0x40 c:/st/stm32cubeide_1.8.0/stm32cubeide/plugins/com.st.stm32cube.ide.mcu.externaltools.gnu-tools-for-stm32.9-2020-q2-update.win32_2.0.0.202105311346/tools/bin/../lib/gcc/arm-none-eabi/9.3.1/thumb/v7e-m+fp/hard/crtbegin.o
 .text          0x00000000080001d0       0x10 c:/st/stm32cubeide_1.8.0/stm32cubeide/plugins/com.st.stm32cube.ide.mcu.externaltools.gnu-tools-for-stm32.9-2020-q2-update.win32_2.0.0.202105311346/tools/bin/../lib/gcc/arm-none-eabi/9.3.1/../../../../arm-none-eabi/lib/thumb/v7e-m+fp/hard\libc_nano.a(lib_a-strlen.o)
                0x00000000080001d0                strlen
 .text          0x00000000080001e0       0xa0 c:/st/stm32cubeide_1.8.0/stm32cubeide/plugins/com.st.stm32cube.ide.mcu.externaltools.gnu-tools-for-stm32.9-2020-q2-update.win32_2.0.0.202105311346/tools/bin/../lib/gcc/arm-none-eabi/9.3.1/../../../../arm-none-eabi/lib/thumb/v7e-m+fp/hard\libc_nano.a(lib_a-memchr.o)
                0x00000000080001e0                memchr
 .text          0x0000000008000280      0x378 c:/st/stm32cubeide_1.8.0/stm32cubeide/plugins/com.st.stm32cube.ide.mcu.externaltools.gnu-tools-for-stm32.9-2020-q2-update.win32_2.0.0.202105311346/tools/bin/../lib/gcc/arm-none-eabi/9.3.1/thumb/v7e-m+fp/hard\libgcc.a(_arm_addsubdf3.o)
                0x0000000008000280                __aeabi_drsub
                0x0000000008000288                __aeabi_dsub
                0x0000000008000288                __subdf3
                0x000000000800028c                __aeabi_dadd
                0x000000000800028c                __adddf3
                0x0000000008000504                __floatunsidf
                0x0000000008000504                __aeabi_ui2d
                0x0000000008000524                __floatsidf
                0x0000000008000524                __aeabi_i2d
                0x0000000008000548                __aeabi_f2d
                0x0000000008000548                __extendsfdf2
                0x000000000800058c                __floatundidf
                0x000000000800058c                __aeabi_ul2d
                0x000000000800059c                __floatdidf
                0x000000000800059c                __aeabi_l2d
 .text          0x00000000080005f8      0x424 c:/st/stm32cubeide_1.8.0/stm32cubeide/plugins/com.st.stm32cube.ide.mcu.externaltools.gnu-tools-for-stm32.9-2020-q2-update.win32_2.0.0.202105311346/tools/bin/../lib/gcc/arm-none-eabi/9.3.1/thumb/v7e-m+fp/hard\libgcc.a(_arm_muldivdf3.o)
                0x00000000080005f8                __aeabi_dmul
                0x00000000080005f8                __muldf3
                0x000000000800084c                __divdf3
                0x000000000800084c                __aeabi_ddiv
 .text          0x0000000008000a1c      0x110 c:/st/stm32cubeide_1.8.0/stm32cubeide/plugins/com.st.stm32cube.ide.mcu.externaltools.gnu-tools-for-stm32.9-2020-q2-update.win32_2.0.0.202105311346/tools/bin/../lib/gcc/arm-none-eabi/9.3.1/thumb/v7e-m+fp/hard\libgcc.a(_arm_cmpdf2.o)
                0x0000000008000a1c                __gtdf2
                0x0000000008000a1c                __gedf2
                0x0000000008000a24                __ltdf2
                0x0000000008000a24                __ledf2
                0x0000000008000a2c                __nedf2
                0x0000000008000a2c                __eqdf2
                0x0000000008000a2c                __cmpdf2
                0x0000000008000aa8                __aeabi_cdrcmple
                0x0000000008000ab8                __aeabi_cdcmpeq
                0x0000000008000ab8                __aeabi_cdcmple
                0x0000000008000ac8                __aeabi_dcmpeq
                0x0000000008000adc                __aeabi_dcmplt
                0x0000000008000af0                __aeabi_dcmple
                0x0000000008000b04                __aeabi_dcmpge
                0x0000000008000b18                __aeabi_dcmpgt
 .text          0x0000000008000b2c       0x2c c:/st/stm32cubeide_1.8.0/stm32cubeide/plugins/com.st.stm32cube.ide.mcu.externaltools.gnu-tools-for-stm32.9-2020-q2-update.win32_2.0.0.202105311346/tools/bin/../lib/gcc/arm-none-eabi/9.3.1/thumb/v7e-m+fp/hard\libgcc.a(_arm_unorddf2.o)
                0x0000000008000b2c                __unorddf2
                0x0000000008000b2c                __aeabi_dcmpun
 .text          0x0000000008000b58       0x50 c:/st/stm32cubeide_1.8.0/stm32cubeide/plugins/com.st.stm32cube.ide.mcu.externaltools.gnu-tools-for-stm32.9-2020-q2-update.win32_2.0.0.202105311346/tools/bin/../lib/gcc/arm-none-eabi/9.3.1/thumb/v7e-m+fp/hard\libgcc.a(_arm_fixdfsi.o)
                0x0000000008000b58                __aeabi_d2iz
                0x0000000008000b58                __fixdfsi
 .text          0x0000000008000ba8       0xa0 c:/st/stm32cubeide_1.8.0/stm32cubeide/plugins/com.st.stm32cube.ide.mcu.externaltools.gnu-tools-for-stm32.9-2020-q2-update.win32_2.0.0.202105311346/tools/bin/../lib/gcc/arm-none-eabi/9.3.1/thumb/v7e-m+fp/hard\libgcc.a(_arm_truncdfsf2.o)
                0x0000000008000ba8                __truncdfsf2
                0x0000000008000ba8                __aeabi_d2f
 .text          0x0000000008000c48       0x30 c:/st/stm32cubeide_1.8.0/stm32cubeide/plugins/com.st.stm32cube.ide.mcu.externaltools.gnu-tools-for-stm32.9-2020-q2-update.win32_2.0.0.202105311346/tools/bin/../lib/gcc/arm-none-eabi/9.3.1/thumb/v7e-m+fp/hard\libgcc.a(_aeabi_uldivmod.o)
                0x0000000008000c48                __aeabi_uldivmod
 .text          0x0000000008000c78      0x2c4 c:/st/stm32cubeide_1.8.0/stm32cubeide/plugins/com.st.stm32cube.ide.mcu.externaltools.gnu-tools-for-stm32.9-2020-q2-update.win32_2.0.0.202105311346/tools/bin/../lib/gcc/arm-none-eabi/9.3.1/thumb/v7e-m+fp/hard\libgcc.a(_udivmoddi4.o)
                0x0000000008000c78                __udivmoddi4
 .text          0x0000000008000f3c        0x4 c:/st/stm32cubeide_1.8.0/stm32cubeide/plugins/com.st.stm32cube.ide.mcu.externaltools.gnu-tools-for-stm32.9-2020-q2-update.win32_2.0.0.202105311346/tools/bin/../lib/gcc/arm-none-eabi/9.3.1/thumb/v7e-m+fp/hard\libgcc.a(_dvmd_tls.o)
                0x0000000008000f3c                __aeabi_idiv0
                0x0000000008000f3c                __aeabi_ldiv0
 *(.text*)
 .text.OLED_WR_Byte
                0x0000000008000f40       0x5c ./Core/PeripheralDriver/Src/oled.o
                0x0000000008000f40                OLED_WR_Byte
 .text.OLED_Refresh_Gram
                0x0000000008000f9c       0x44 ./Core/PeripheralDriver/Src/oled.o
                0x0000000008000f9c                OLED_Refresh_Gram
 .text.OLED_Clear
                0x0000000008000fe0       0x28 ./Core/PeripheralDriver/Src/oled.o
                0x0000000008000fe0                OLED_Clear
 .text.OLED_DrawPoint
                0x0000000008001008       0x3c ./Core/PeripheralDriver/Src/oled.o
                0x0000000008001008                OLED_DrawPoint
 .text.OLED_ShowChar
                0x0000000008001044       0x90 ./Core/PeripheralDriver/Src/oled.o
                0x0000000008001044                OLED_ShowChar
 .text.OLED_ShowString
                0x00000000080010d4       0x3e ./Core/PeripheralDriver/Src/oled.o
                0x00000000080010d4                OLED_ShowString
 *fill*         0x0000000008001112        0x2 
 .text.OLED_Init
                0x0000000008001114      0x110 ./Core/PeripheralDriver/Src/oled.o
                0x0000000008001114                OLED_Init
 .text.I2C_Transmit
                0x0000000008001224       0x96 ./Core/Src/I2C.o
                0x0000000008001224                I2C_Transmit
 .text.I2C_Receive
                0x00000000080012ba       0xb0 ./Core/Src/I2C.o
                0x00000000080012ba                I2C_Receive
 .text.Gyro_Writebyte
                0x000000000800136a       0x1a ./Core/Src/ICM20948.o
                0x000000000800136a                Gyro_Writebyte
 .text.Gyro_Readbyte
                0x0000000008001384       0x26 ./Core/Src/ICM20948.o
                0x0000000008001384                Gyro_Readbyte
 *fill*         0x00000000080013aa        0x2 
 .text.bank_select
                0x00000000080013ac       0x24 ./Core/Src/ICM20948.o
                0x00000000080013ac                bank_select
 .text.ICM_who_am_i
                0x00000000080013d0       0x20 ./Core/Src/ICM20948.o
                0x00000000080013d0                ICM_who_am_i
 .text.init_ICM20948
                0x00000000080013f0       0x7c ./Core/Src/ICM20948.o
                0x00000000080013f0                init_ICM20948
 .text.ICM_Readaccgyro
                0x000000000800146c       0xe0 ./Core/Src/ICM20948.o
                0x000000000800146c                ICM_Readaccgyro
 .text.ICM_Gyrocali
                0x000000000800154c       0xc0 ./Core/Src/ICM20948.o
                0x000000000800154c                ICM_Gyrocali
 *fill*         0x000000000800160c        0x4 
 .text.ICM_Angcali
                0x0000000008001610      0x1c4 ./Core/Src/ICM20948.o
                0x0000000008001610                ICM_Angcali
 *fill*         0x00000000080017d4        0x4 
 .text.ICM_ComplementaryFilter
                0x00000000080017d8      0x1d0 ./Core/Src/ICM20948.o
                0x00000000080017d8                ICM_ComplementaryFilter
 .text.Mag_Writebyte
                0x00000000080019a8       0x1a ./Core/Src/ICM20948.o
                0x00000000080019a8                Mag_Writebyte
 .text.Mag_Readbyte
                0x00000000080019c2       0x26 ./Core/Src/ICM20948.o
                0x00000000080019c2                Mag_Readbyte
 .text.AK_Company_ID
                0x00000000080019e8        0x6 ./Core/Src/ICM20948.o
                0x00000000080019e8                AK_Company_ID
 .text.AK_Device_ID
                0x00000000080019ee        0x6 ./Core/Src/ICM20948.o
                0x00000000080019ee                AK_Device_ID
 .text.init_AK09916
                0x00000000080019f4       0x1a ./Core/Src/ICM20948.o
                0x00000000080019f4                init_AK09916
 .text.AK_ReadData
                0x0000000008001a0e       0x68 ./Core/Src/ICM20948.o
                0x0000000008001a0e                AK_ReadData
 *fill*         0x0000000008001a76        0x2 
 .text.StartDefaultTask
                0x0000000008001a78       0xe8 ./Core/Src/main.o
                0x0000000008001a78                StartDefaultTask
 .text.Motor    0x0000000008001b60      0x11c ./Core/Src/main.o
                0x0000000008001b60                Motor
 .text.encoder  0x0000000008001c7c       0x9c ./Core/Src/main.o
                0x0000000008001c7c                encoder
 .text.show     0x0000000008001d18       0x58 ./Core/Src/main.o
                0x0000000008001d18                show
 .text.SystemClock_Config
                0x0000000008001d70       0x88 ./Core/Src/main.o
                0x0000000008001d70                SystemClock_Config
 .text.startup.main
                0x0000000008001df8      0x3f4 ./Core/Src/main.o
                0x0000000008001df8                main
 .text.HAL_UART_RxCpltCallback
                0x00000000080021ec       0x18 ./Core/Src/main.o
                0x00000000080021ec                HAL_UART_RxCpltCallback
 .text.HAL_MspInit
                0x0000000008002204       0x40 ./Core/Src/stm32f4xx_hal_msp.o
                0x0000000008002204                HAL_MspInit
 .text.HAL_TIM_Base_MspInit
                0x0000000008002244       0x90 ./Core/Src/stm32f4xx_hal_msp.o
                0x0000000008002244                HAL_TIM_Base_MspInit
 .text.HAL_TIM_Encoder_MspInit
                0x00000000080022d4       0x94 ./Core/Src/stm32f4xx_hal_msp.o
                0x00000000080022d4                HAL_TIM_Encoder_MspInit
 .text.HAL_TIM_MspPostInit
                0x0000000008002368       0x5c ./Core/Src/stm32f4xx_hal_msp.o
                0x0000000008002368                HAL_TIM_MspPostInit
 .text.HAL_UART_MspInit
                0x00000000080023c4       0x80 ./Core/Src/stm32f4xx_hal_msp.o
                0x00000000080023c4                HAL_UART_MspInit
 .text.NMI_Handler
                0x0000000008002444        0x2 ./Core/Src/stm32f4xx_it.o
                0x0000000008002444                NMI_Handler
 .text.HardFault_Handler
                0x0000000008002446        0x2 ./Core/Src/stm32f4xx_it.o
                0x0000000008002446                HardFault_Handler
 .text.MemManage_Handler
                0x0000000008002448        0x2 ./Core/Src/stm32f4xx_it.o
                0x0000000008002448                MemManage_Handler
 .text.BusFault_Handler
                0x000000000800244a        0x2 ./Core/Src/stm32f4xx_it.o
                0x000000000800244a                BusFault_Handler
 .text.UsageFault_Handler
                0x000000000800244c        0x2 ./Core/Src/stm32f4xx_it.o
                0x000000000800244c                UsageFault_Handler
 .text.DebugMon_Handler
                0x000000000800244e        0x2 ./Core/Src/stm32f4xx_it.o
                0x000000000800244e                DebugMon_Handler
 .text.SysTick_Handler
                0x0000000008002450       0x18 ./Core/Src/stm32f4xx_it.o
                0x0000000008002450                SysTick_Handler
 .text.USART3_IRQHandler
                0x0000000008002468        0xc ./Core/Src/stm32f4xx_it.o
                0x0000000008002468                USART3_IRQHandler
 .text._getpid  0x0000000008002474        0x4 ./Core/Src/syscalls.o
                0x0000000008002474                _getpid
 .text._kill    0x0000000008002478       0x10 ./Core/Src/syscalls.o
                0x0000000008002478                _kill
 .text._exit    0x0000000008002488        0xc ./Core/Src/syscalls.o
                0x0000000008002488                _exit
 .text._read    0x0000000008002494       0x1a ./Core/Src/syscalls.o
                0x0000000008002494                _read
 .text._write   0x00000000080024ae       0x1a ./Core/Src/syscalls.o
                0x00000000080024ae                _write
 .text._close   0x00000000080024c8        0x6 ./Core/Src/syscalls.o
                0x00000000080024c8                _close
 .text._fstat   0x00000000080024ce        0xa ./Core/Src/syscalls.o
                0x00000000080024ce                _fstat
 .text._isatty  0x00000000080024d8        0x4 ./Core/Src/syscalls.o
                0x00000000080024d8                _isatty
 .text._lseek   0x00000000080024dc        0x4 ./Core/Src/syscalls.o
                0x00000000080024dc                _lseek
 .text._sbrk    0x00000000080024e0       0x40 ./Core/Src/sysmem.o
                0x00000000080024e0                _sbrk
 .text.SystemInit
                0x0000000008002520       0x14 ./Core/Src/system_stm32f4xx.o
                0x0000000008002520                SystemInit
 .text.Reset_Handler
                0x0000000008002534       0x50 ./Core/Startup/startup_stm32f407vetx.o
                0x0000000008002534                Reset_Handler
 .text.Default_Handler
                0x0000000008002584        0x2 ./Core/Startup/startup_stm32f407vetx.o
                0x0000000008002584                RTC_Alarm_IRQHandler
                0x0000000008002584                HASH_RNG_IRQHandler
                0x0000000008002584                EXTI2_IRQHandler
                0x0000000008002584                TIM8_CC_IRQHandler
                0x0000000008002584                TIM1_CC_IRQHandler
                0x0000000008002584                DMA2_Stream5_IRQHandler
                0x0000000008002584                DMA1_Stream5_IRQHandler
                0x0000000008002584                PVD_IRQHandler
                0x0000000008002584                SDIO_IRQHandler
                0x0000000008002584                TAMP_STAMP_IRQHandler
                0x0000000008002584                CAN2_RX1_IRQHandler
                0x0000000008002584                EXTI3_IRQHandler
                0x0000000008002584                TIM8_TRG_COM_TIM14_IRQHandler
                0x0000000008002584                TIM1_UP_TIM10_IRQHandler
                0x0000000008002584                TIM8_UP_TIM13_IRQHandler
                0x0000000008002584                I2C3_ER_IRQHandler
                0x0000000008002584                EXTI0_IRQHandler
                0x0000000008002584                I2C2_EV_IRQHandler
                0x0000000008002584                DMA1_Stream2_IRQHandler
                0x0000000008002584                CAN1_RX0_IRQHandler
                0x0000000008002584                FPU_IRQHandler
                0x0000000008002584                OTG_HS_WKUP_IRQHandler
                0x0000000008002584                CAN2_SCE_IRQHandler
                0x0000000008002584                DMA2_Stream2_IRQHandler
                0x0000000008002584                SPI1_IRQHandler
                0x0000000008002584                TIM6_DAC_IRQHandler
                0x0000000008002584                TIM1_BRK_TIM9_IRQHandler
                0x0000000008002584                DCMI_IRQHandler
                0x0000000008002584                CAN2_RX0_IRQHandler
                0x0000000008002584                DMA2_Stream3_IRQHandler
                0x0000000008002584                USART6_IRQHandler
                0x0000000008002584                CAN1_RX1_IRQHandler
                0x0000000008002584                UART5_IRQHandler
                0x0000000008002584                DMA2_Stream0_IRQHandler
                0x0000000008002584                TIM4_IRQHandler
                0x0000000008002584                I2C1_EV_IRQHandler
                0x0000000008002584                DMA1_Stream6_IRQHandler
                0x0000000008002584                DMA1_Stream1_IRQHandler
                0x0000000008002584                UART4_IRQHandler
                0x0000000008002584                TIM3_IRQHandler
                0x0000000008002584                RCC_IRQHandler
                0x0000000008002584                TIM8_BRK_TIM12_IRQHandler
                0x0000000008002584                Default_Handler
                0x0000000008002584                EXTI15_10_IRQHandler
                0x0000000008002584                ADC_IRQHandler
                0x0000000008002584                DMA1_Stream7_IRQHandler
                0x0000000008002584                TIM7_IRQHandler
                0x0000000008002584                CAN2_TX_IRQHandler
                0x0000000008002584                TIM5_IRQHandler
                0x0000000008002584                DMA2_Stream7_IRQHandler
                0x0000000008002584                I2C3_EV_IRQHandler
                0x0000000008002584                EXTI9_5_IRQHandler
                0x0000000008002584                RTC_WKUP_IRQHandler
                0x0000000008002584                ETH_WKUP_IRQHandler
                0x0000000008002584                SPI2_IRQHandler
                0x0000000008002584                OTG_HS_EP1_IN_IRQHandler
                0x0000000008002584                DMA1_Stream0_IRQHandler
                0x0000000008002584                CAN1_TX_IRQHandler
                0x0000000008002584                EXTI4_IRQHandler
                0x0000000008002584                FSMC_IRQHandler
                0x0000000008002584                ETH_IRQHandler
                0x0000000008002584                OTG_HS_EP1_OUT_IRQHandler
                0x0000000008002584                WWDG_IRQHandler
                0x0000000008002584                TIM2_IRQHandler
                0x0000000008002584                OTG_FS_WKUP_IRQHandler
                0x0000000008002584                TIM1_TRG_COM_TIM11_IRQHandler
                0x0000000008002584                OTG_HS_IRQHandler
                0x0000000008002584                EXTI1_IRQHandler
                0x0000000008002584                USART2_IRQHandler
                0x0000000008002584                I2C2_ER_IRQHandler
                0x0000000008002584                DMA2_Stream1_IRQHandler
                0x0000000008002584                CAN1_SCE_IRQHandler
                0x0000000008002584                FLASH_IRQHandler
                0x0000000008002584                DMA2_Stream4_IRQHandler
                0x0000000008002584                USART1_IRQHandler
                0x0000000008002584                OTG_FS_IRQHandler
                0x0000000008002584                SPI3_IRQHandler
                0x0000000008002584                DMA1_Stream4_IRQHandler
                0x0000000008002584                I2C1_ER_IRQHandler
                0x0000000008002584                DMA2_Stream6_IRQHandler
                0x0000000008002584                DMA1_Stream3_IRQHandler
 *fill*         0x0000000008002586        0x2 
 .text.HAL_InitTick
                0x0000000008002588       0x48 ./Drivers/STM32F4xx_HAL_Driver/Src/stm32f4xx_hal.o
                0x0000000008002588                HAL_InitTick
 .text.HAL_Init
                0x00000000080025d0       0x34 ./Drivers/STM32F4xx_HAL_Driver/Src/stm32f4xx_hal.o
                0x00000000080025d0                HAL_Init
 .text.HAL_IncTick
                0x0000000008002604       0x18 ./Drivers/STM32F4xx_HAL_Driver/Src/stm32f4xx_hal.o
                0x0000000008002604                HAL_IncTick
 .text.HAL_GetTick
                0x000000000800261c        0xc ./Drivers/STM32F4xx_HAL_Driver/Src/stm32f4xx_hal.o
                0x000000000800261c                HAL_GetTick
 .text.HAL_Delay
                0x0000000008002628       0x28 ./Drivers/STM32F4xx_HAL_Driver/Src/stm32f4xx_hal.o
                0x0000000008002628                HAL_Delay
 .text.HAL_NVIC_SetPriorityGrouping
                0x0000000008002650       0x24 ./Drivers/STM32F4xx_HAL_Driver/Src/stm32f4xx_hal_cortex.o
                0x0000000008002650                HAL_NVIC_SetPriorityGrouping
 .text.HAL_NVIC_SetPriority
                0x0000000008002674       0x64 ./Drivers/STM32F4xx_HAL_Driver/Src/stm32f4xx_hal_cortex.o
                0x0000000008002674                HAL_NVIC_SetPriority
 .text.HAL_NVIC_EnableIRQ
                0x00000000080026d8       0x1c ./Drivers/STM32F4xx_HAL_Driver/Src/stm32f4xx_hal_cortex.o
                0x00000000080026d8                HAL_NVIC_EnableIRQ
 .text.HAL_SYSTICK_Config
                0x00000000080026f4       0x2c ./Drivers/STM32F4xx_HAL_Driver/Src/stm32f4xx_hal_cortex.o
                0x00000000080026f4                HAL_SYSTICK_Config
 .text.HAL_DMA_Abort
                0x0000000008002720       0x88 ./Drivers/STM32F4xx_HAL_Driver/Src/stm32f4xx_hal_dma.o
                0x0000000008002720                HAL_DMA_Abort
 .text.HAL_DMA_Abort_IT
                0x00000000080027a8       0x24 ./Drivers/STM32F4xx_HAL_Driver/Src/stm32f4xx_hal_dma.o
                0x00000000080027a8                HAL_DMA_Abort_IT
 .text.HAL_GPIO_Init
                0x00000000080027cc      0x1b4 ./Drivers/STM32F4xx_HAL_Driver/Src/stm32f4xx_hal_gpio.o
                0x00000000080027cc                HAL_GPIO_Init
 .text.HAL_GPIO_WritePin
                0x0000000008002980        0xa ./Drivers/STM32F4xx_HAL_Driver/Src/stm32f4xx_hal_gpio.o
                0x0000000008002980                HAL_GPIO_WritePin
 *fill*         0x000000000800298a        0x2 
 .text.HAL_PWR_EnableBkUpAccess
                0x000000000800298c       0x1c ./Drivers/STM32F4xx_HAL_Driver/Src/stm32f4xx_hal_pwr.o
                0x000000000800298c                HAL_PWR_EnableBkUpAccess
 .text.HAL_PWR_DisableBkUpAccess
                0x00000000080029a8       0x1c ./Drivers/STM32F4xx_HAL_Driver/Src/stm32f4xx_hal_pwr.o
                0x00000000080029a8                HAL_PWR_DisableBkUpAccess
 .text.HAL_RCC_OscConfig
                0x00000000080029c4      0x358 ./Drivers/STM32F4xx_HAL_Driver/Src/stm32f4xx_hal_rcc.o
                0x00000000080029c4                HAL_RCC_OscConfig
 .text.HAL_RCC_GetSysClockFreq
                0x0000000008002d1c       0x5c ./Drivers/STM32F4xx_HAL_Driver/Src/stm32f4xx_hal_rcc.o
                0x0000000008002d1c                HAL_RCC_GetSysClockFreq
 .text.HAL_RCC_ClockConfig
                0x0000000008002d78      0x138 ./Drivers/STM32F4xx_HAL_Driver/Src/stm32f4xx_hal_rcc.o
                0x0000000008002d78                HAL_RCC_ClockConfig
 .text.HAL_RCC_GetPCLK1Freq
                0x0000000008002eb0       0x20 ./Drivers/STM32F4xx_HAL_Driver/Src/stm32f4xx_hal_rcc.o
                0x0000000008002eb0                HAL_RCC_GetPCLK1Freq
 .text.HAL_RCC_GetPCLK2Freq
                0x0000000008002ed0       0x20 ./Drivers/STM32F4xx_HAL_Driver/Src/stm32f4xx_hal_rcc.o
                0x0000000008002ed0                HAL_RCC_GetPCLK2Freq
 .text.TIM_OC1_SetConfig
                0x0000000008002ef0       0x64 ./Drivers/STM32F4xx_HAL_Driver/Src/stm32f4xx_hal_tim.o
 .text.TIM_OC3_SetConfig
                0x0000000008002f54       0x6c ./Drivers/STM32F4xx_HAL_Driver/Src/stm32f4xx_hal_tim.o
 .text.TIM_OC4_SetConfig
                0x0000000008002fc0       0x4c ./Drivers/STM32F4xx_HAL_Driver/Src/stm32f4xx_hal_tim.o
 .text.HAL_TIM_PWM_MspInit
                0x000000000800300c        0x2 ./Drivers/STM32F4xx_HAL_Driver/Src/stm32f4xx_hal_tim.o
                0x000000000800300c                HAL_TIM_PWM_MspInit
 .text.HAL_TIM_Encoder_Start
                0x000000000800300e       0xb6 ./Drivers/STM32F4xx_HAL_Driver/Src/stm32f4xx_hal_tim.o
                0x000000000800300e                HAL_TIM_Encoder_Start
 .text.TIM_Base_SetConfig
                0x00000000080030c4       0xcc ./Drivers/STM32F4xx_HAL_Driver/Src/stm32f4xx_hal_tim.o
                0x00000000080030c4                TIM_Base_SetConfig
 .text.HAL_TIM_Base_Init
                0x0000000008003190       0x58 ./Drivers/STM32F4xx_HAL_Driver/Src/stm32f4xx_hal_tim.o
                0x0000000008003190                HAL_TIM_Base_Init
 .text.HAL_TIM_PWM_Init
                0x00000000080031e8       0x58 ./Drivers/STM32F4xx_HAL_Driver/Src/stm32f4xx_hal_tim.o
                0x00000000080031e8                HAL_TIM_PWM_Init
 .text.HAL_TIM_Encoder_Init
                0x0000000008003240       0xaa ./Drivers/STM32F4xx_HAL_Driver/Src/stm32f4xx_hal_tim.o
                0x0000000008003240                HAL_TIM_Encoder_Init
 *fill*         0x00000000080032ea        0x2 
 .text.TIM_OC2_SetConfig
                0x00000000080032ec       0x6c ./Drivers/STM32F4xx_HAL_Driver/Src/stm32f4xx_hal_tim.o
                0x00000000080032ec                TIM_OC2_SetConfig
 .text.HAL_TIM_PWM_ConfigChannel
                0x0000000008003358       0xbc ./Drivers/STM32F4xx_HAL_Driver/Src/stm32f4xx_hal_tim.o
                0x0000000008003358                HAL_TIM_PWM_ConfigChannel
 .text.TIM_ETR_SetConfig
                0x0000000008003414       0x14 ./Drivers/STM32F4xx_HAL_Driver/Src/stm32f4xx_hal_tim.o
                0x0000000008003414                TIM_ETR_SetConfig
 .text.HAL_TIM_ConfigClockSource
                0x0000000008003428      0x138 ./Drivers/STM32F4xx_HAL_Driver/Src/stm32f4xx_hal_tim.o
                0x0000000008003428                HAL_TIM_ConfigClockSource
 .text.TIM_CCxChannelCmd
                0x0000000008003560       0x1c ./Drivers/STM32F4xx_HAL_Driver/Src/stm32f4xx_hal_tim.o
                0x0000000008003560                TIM_CCxChannelCmd
 .text.HAL_TIM_OC_Start
                0x000000000800357c       0xcc ./Drivers/STM32F4xx_HAL_Driver/Src/stm32f4xx_hal_tim.o
                0x000000000800357c                HAL_TIM_OC_Start
 .text.HAL_TIM_PWM_Start
                0x0000000008003648        0x4 ./Drivers/STM32F4xx_HAL_Driver/Src/stm32f4xx_hal_tim.o
                0x0000000008003648                HAL_TIM_PWM_Start
 .text.HAL_TIMEx_MasterConfigSynchronization
                0x000000000800364c       0x7c ./Drivers/STM32F4xx_HAL_Driver/Src/stm32f4xx_hal_tim_ex.o
                0x000000000800364c                HAL_TIMEx_MasterConfigSynchronization
 .text.HAL_TIMEx_ConfigBreakDeadTime
                0x00000000080036c8       0x4c ./Drivers/STM32F4xx_HAL_Driver/Src/stm32f4xx_hal_tim_ex.o
                0x00000000080036c8                HAL_TIMEx_ConfigBreakDeadTime
 .text.UART_EndRxTransfer
                0x0000000008003714       0x5c ./Drivers/STM32F4xx_HAL_Driver/Src/stm32f4xx_hal_uart.o
 .text.UART_SetConfig
                0x0000000008003770       0xbc ./Drivers/STM32F4xx_HAL_Driver/Src/stm32f4xx_hal_uart.o
 .text.UART_WaitOnFlagUntilTimeout.constprop.0
                0x000000000800382c       0x6c ./Drivers/STM32F4xx_HAL_Driver/Src/stm32f4xx_hal_uart.o
 .text.HAL_UART_Init
                0x0000000008003898       0x5c ./Drivers/STM32F4xx_HAL_Driver/Src/stm32f4xx_hal_uart.o
                0x0000000008003898                HAL_UART_Init
 .text.HAL_UART_Transmit
                0x00000000080038f4       0xaa ./Drivers/STM32F4xx_HAL_Driver/Src/stm32f4xx_hal_uart.o
                0x00000000080038f4                HAL_UART_Transmit
 .text.HAL_UART_TxCpltCallback
                0x000000000800399e        0x2 ./Drivers/STM32F4xx_HAL_Driver/Src/stm32f4xx_hal_uart.o
                0x000000000800399e                HAL_UART_TxCpltCallback
 .text.HAL_UART_ErrorCallback
                0x00000000080039a0        0x2 ./Drivers/STM32F4xx_HAL_Driver/Src/stm32f4xx_hal_uart.o
                0x00000000080039a0                HAL_UART_ErrorCallback
 .text.UART_DMAAbortOnError
                0x00000000080039a2       0x10 ./Drivers/STM32F4xx_HAL_Driver/Src/stm32f4xx_hal_uart.o
 .text.HAL_UARTEx_RxEventCallback
                0x00000000080039b2        0x2 ./Drivers/STM32F4xx_HAL_Driver/Src/stm32f4xx_hal_uart.o
                0x00000000080039b2                HAL_UARTEx_RxEventCallback
 .text.UART_Receive_IT
                0x00000000080039b4       0xb8 ./Drivers/STM32F4xx_HAL_Driver/Src/stm32f4xx_hal_uart.o
 .text.HAL_UART_IRQHandler
                0x0000000008003a6c      0x290 ./Drivers/STM32F4xx_HAL_Driver/Src/stm32f4xx_hal_uart.o
                0x0000000008003a6c                HAL_UART_IRQHandler
 .text.UART_Start_Receive_IT
                0x0000000008003cfc       0x32 ./Drivers/STM32F4xx_HAL_Driver/Src/stm32f4xx_hal_uart.o
                0x0000000008003cfc                UART_Start_Receive_IT
 .text.HAL_UART_Receive_IT
                0x0000000008003d2e       0x30 ./Drivers/STM32F4xx_HAL_Driver/Src/stm32f4xx_hal_uart.o
                0x0000000008003d2e                HAL_UART_Receive_IT
 .text.LL_GPIO_Init
                0x0000000008003d5e      0x13c ./Drivers/STM32F4xx_HAL_Driver/Src/stm32f4xx_ll_gpio.o
                0x0000000008003d5e                LL_GPIO_Init
 *fill*         0x0000000008003e9a        0x2 
 .text.LL_I2C_Init
                0x0000000008003e9c       0xdc ./Drivers/STM32F4xx_HAL_Driver/Src/stm32f4xx_ll_i2c.o
                0x0000000008003e9c                LL_I2C_Init
 .text.RCC_GetHCLKClockFreq
                0x0000000008003f78       0x18 ./Drivers/STM32F4xx_HAL_Driver/Src/stm32f4xx_ll_rcc.o
                0x0000000008003f78                RCC_GetHCLKClockFreq
 .text.RCC_GetPCLK1ClockFreq
                0x0000000008003f90       0x18 ./Drivers/STM32F4xx_HAL_Driver/Src/stm32f4xx_ll_rcc.o
                0x0000000008003f90                RCC_GetPCLK1ClockFreq
 .text.RCC_GetPCLK2ClockFreq
                0x0000000008003fa8       0x18 ./Drivers/STM32F4xx_HAL_Driver/Src/stm32f4xx_ll_rcc.o
                0x0000000008003fa8                RCC_GetPCLK2ClockFreq
 .text.RCC_PLL_GetFreqDomain_SYS
                0x0000000008003fc0       0x48 ./Drivers/STM32F4xx_HAL_Driver/Src/stm32f4xx_ll_rcc.o
                0x0000000008003fc0                RCC_PLL_GetFreqDomain_SYS
 .text.RCC_GetSystemClockFreq
                0x0000000008004008       0x28 ./Drivers/STM32F4xx_HAL_Driver/Src/stm32f4xx_ll_rcc.o
                0x0000000008004008                RCC_GetSystemClockFreq
 .text.LL_RCC_GetSystemClocksFreq
                0x0000000008004030       0x20 ./Drivers/STM32F4xx_HAL_Driver/Src/stm32f4xx_ll_rcc.o
                0x0000000008004030                LL_RCC_GetSystemClocksFreq
 .text.LL_mDelay
                0x0000000008004050       0x28 ./Drivers/STM32F4xx_HAL_Driver/Src/stm32f4xx_ll_utils.o
                0x0000000008004050                LL_mDelay
 .text.osKernelInitialize
                0x0000000008004078       0x24 ./Middlewares/Third_Party/FreeRTOS/Source/CMSIS_RTOS_V2/cmsis_os2.o
                0x0000000008004078                osKernelInitialize
 .text.osKernelStart
                0x000000000800409c       0x34 ./Middlewares/Third_Party/FreeRTOS/Source/CMSIS_RTOS_V2/cmsis_os2.o
                0x000000000800409c                osKernelStart
 .text.osThreadNew
                0x00000000080040d0       0x92 ./Middlewares/Third_Party/FreeRTOS/Source/CMSIS_RTOS_V2/cmsis_os2.o
                0x00000000080040d0                osThreadNew
 .text.osDelay  0x0000000008004162       0x18 ./Middlewares/Third_Party/FreeRTOS/Source/CMSIS_RTOS_V2/cmsis_os2.o
                0x0000000008004162                osDelay
 *fill*         0x000000000800417a        0x2 
 .text.vApplicationGetIdleTaskMemory
                0x000000000800417c       0x18 ./Middlewares/Third_Party/FreeRTOS/Source/CMSIS_RTOS_V2/cmsis_os2.o
                0x000000000800417c                vApplicationGetIdleTaskMemory
 .text.vApplicationGetTimerTaskMemory
                0x0000000008004194       0x18 ./Middlewares/Third_Party/FreeRTOS/Source/CMSIS_RTOS_V2/cmsis_os2.o
                0x0000000008004194                vApplicationGetTimerTaskMemory
 .text.vListInitialise
                0x00000000080041ac       0x16 ./Middlewares/Third_Party/FreeRTOS/Source/list.o
                0x00000000080041ac                vListInitialise
 .text.vListInitialiseItem
                0x00000000080041c2        0x6 ./Middlewares/Third_Party/FreeRTOS/Source/list.o
                0x00000000080041c2                vListInitialiseItem
 .text.vListInsertEnd
                0x00000000080041c8       0x18 ./Middlewares/Third_Party/FreeRTOS/Source/list.o
                0x00000000080041c8                vListInsertEnd
 .text.vListInsert
                0x00000000080041e0       0x2e ./Middlewares/Third_Party/FreeRTOS/Source/list.o
                0x00000000080041e0                vListInsert
 .text.uxListRemove
                0x000000000800420e       0x20 ./Middlewares/Third_Party/FreeRTOS/Source/list.o
                0x000000000800420e                uxListRemove
 .text.prvIsQueueEmpty
                0x000000000800422e       0x16 ./Middlewares/Third_Party/FreeRTOS/Source/queue.o
 .text.prvCopyDataToQueue
                0x0000000008004244       0x6a ./Middlewares/Third_Party/FreeRTOS/Source/queue.o
 .text.prvCopyDataFromQueue
                0x00000000080042ae       0x2c ./Middlewares/Third_Party/FreeRTOS/Source/queue.o
 .text.prvUnlockQueue
                0x00000000080042da       0x70 ./Middlewares/Third_Party/FreeRTOS/Source/queue.o
 *fill*         0x000000000800434a        0x2 
 .text.xQueueGenericReset
                0x000000000800434c       0x80 ./Middlewares/Third_Party/FreeRTOS/Source/queue.o
                0x000000000800434c                xQueueGenericReset
 .text.xQueueGenericCreateStatic
                0x00000000080043cc       0x9c ./Middlewares/Third_Party/FreeRTOS/Source/queue.o
                0x00000000080043cc                xQueueGenericCreateStatic
 .text.xQueueGenericSend
                0x0000000008004468      0x164 ./Middlewares/Third_Party/FreeRTOS/Source/queue.o
                0x0000000008004468                xQueueGenericSend
 .text.xQueueGenericSendFromISR
                0x00000000080045cc       0xc4 ./Middlewares/Third_Party/FreeRTOS/Source/queue.o
                0x00000000080045cc                xQueueGenericSendFromISR
 .text.xQueueReceive
                0x0000000008004690      0x140 ./Middlewares/Third_Party/FreeRTOS/Source/queue.o
                0x0000000008004690                xQueueReceive
 .text.vQueueAddToRegistry
                0x00000000080047d0       0x24 ./Middlewares/Third_Party/FreeRTOS/Source/queue.o
                0x00000000080047d0                vQueueAddToRegistry
 .text.vQueueWaitForMessageRestricted
                0x00000000080047f4       0x46 ./Middlewares/Third_Party/FreeRTOS/Source/queue.o
                0x00000000080047f4                vQueueWaitForMessageRestricted
 *fill*         0x000000000800483a        0x2 
 .text.prvAddNewTaskToReadyList
                0x000000000800483c      0x100 ./Middlewares/Third_Party/FreeRTOS/Source/tasks.o
 .text.prvResetNextTaskUnblockTime
                0x000000000800493c       0x24 ./Middlewares/Third_Party/FreeRTOS/Source/tasks.o
 .text.prvInitialiseNewTask.isra.0
                0x0000000008004960       0x9c ./Middlewares/Third_Party/FreeRTOS/Source/tasks.o
 .text.prvDeleteTCB
                0x00000000080049fc       0x36 ./Middlewares/Third_Party/FreeRTOS/Source/tasks.o
 *fill*         0x0000000008004a32        0x2 
 .text.prvIdleTask
                0x0000000008004a34       0x64 ./Middlewares/Third_Party/FreeRTOS/Source/tasks.o
 .text.prvAddCurrentTaskToDelayedList
                0x0000000008004a98       0x74 ./Middlewares/Third_Party/FreeRTOS/Source/tasks.o
 .text.xTaskCreateStatic
                0x0000000008004b0c       0x70 ./Middlewares/Third_Party/FreeRTOS/Source/tasks.o
                0x0000000008004b0c                xTaskCreateStatic
 .text.xTaskCreate
                0x0000000008004b7c       0x5a ./Middlewares/Third_Party/FreeRTOS/Source/tasks.o
                0x0000000008004b7c                xTaskCreate
 *fill*         0x0000000008004bd6        0x2 
 .text.vTaskStartScheduler
                0x0000000008004bd8       0x88 ./Middlewares/Third_Party/FreeRTOS/Source/tasks.o
                0x0000000008004bd8                vTaskStartScheduler
 .text.vTaskSuspendAll
                0x0000000008004c60       0x10 ./Middlewares/Third_Party/FreeRTOS/Source/tasks.o
                0x0000000008004c60                vTaskSuspendAll
 .text.xTaskGetTickCount
                0x0000000008004c70        0xc ./Middlewares/Third_Party/FreeRTOS/Source/tasks.o
                0x0000000008004c70                xTaskGetTickCount
 .text.xTaskIncrementTick
                0x0000000008004c7c      0x12c ./Middlewares/Third_Party/FreeRTOS/Source/tasks.o
                0x0000000008004c7c                xTaskIncrementTick
 .text.xTaskResumeAll
                0x0000000008004da8       0xe8 ./Middlewares/Third_Party/FreeRTOS/Source/tasks.o
                0x0000000008004da8                xTaskResumeAll
 .text.vTaskDelay
                0x0000000008004e90       0x48 ./Middlewares/Third_Party/FreeRTOS/Source/tasks.o
                0x0000000008004e90                vTaskDelay
 .text.vTaskSwitchContext
                0x0000000008004ed8       0x78 ./Middlewares/Third_Party/FreeRTOS/Source/tasks.o
                0x0000000008004ed8                vTaskSwitchContext
 .text.vTaskPlaceOnEventList
                0x0000000008004f50       0x34 ./Middlewares/Third_Party/FreeRTOS/Source/tasks.o
                0x0000000008004f50                vTaskPlaceOnEventList
 .text.vTaskPlaceOnEventListRestricted
                0x0000000008004f84       0x3c ./Middlewares/Third_Party/FreeRTOS/Source/tasks.o
                0x0000000008004f84                vTaskPlaceOnEventListRestricted
 .text.xTaskRemoveFromEventList
                0x0000000008004fc0       0x88 ./Middlewares/Third_Party/FreeRTOS/Source/tasks.o
                0x0000000008004fc0                xTaskRemoveFromEventList
 .text.vTaskInternalSetTimeOutState
                0x0000000008005048       0x18 ./Middlewares/Third_Party/FreeRTOS/Source/tasks.o
                0x0000000008005048                vTaskInternalSetTimeOutState
 .text.xTaskCheckForTimeOut
                0x0000000008005060       0x78 ./Middlewares/Third_Party/FreeRTOS/Source/tasks.o
                0x0000000008005060                xTaskCheckForTimeOut
 .text.vTaskMissedYield
                0x00000000080050d8        0xc ./Middlewares/Third_Party/FreeRTOS/Source/tasks.o
                0x00000000080050d8                vTaskMissedYield
 .text.xTaskGetSchedulerState
                0x00000000080050e4       0x20 ./Middlewares/Third_Party/FreeRTOS/Source/tasks.o
                0x00000000080050e4                xTaskGetSchedulerState
 .text.xTaskPriorityDisinherit
                0x0000000008005104       0x88 ./Middlewares/Third_Party/FreeRTOS/Source/tasks.o
                0x0000000008005104                xTaskPriorityDisinherit
 .text.prvCheckForValidListAndQueue
                0x000000000800518c       0x68 ./Middlewares/Third_Party/FreeRTOS/Source/timers.o
 .text.prvInsertTimerInActiveList
                0x00000000080051f4       0x3c ./Middlewares/Third_Party/FreeRTOS/Source/timers.o
 .text.xTimerCreateTimerTask
                0x0000000008005230       0x64 ./Middlewares/Third_Party/FreeRTOS/Source/timers.o
                0x0000000008005230                xTimerCreateTimerTask
 .text.xTimerGenericCommand
                0x0000000008005294       0x58 ./Middlewares/Third_Party/FreeRTOS/Source/timers.o
                0x0000000008005294                xTimerGenericCommand
 .text.prvSwitchTimerLists
                0x00000000080052ec       0x7c ./Middlewares/Third_Party/FreeRTOS/Source/timers.o
 .text.prvTimerTask
                0x0000000008005368      0x1f8 ./Middlewares/Third_Party/FreeRTOS/Source/timers.o
 .text.prvPortStartFirstTask
                0x0000000008005560       0x28 ./Middlewares/Third_Party/FreeRTOS/Source/portable/GCC/ARM_CM4F/port.o
 .text.vPortEnableVFP
                0x0000000008005588       0x14 ./Middlewares/Third_Party/FreeRTOS/Source/portable/GCC/ARM_CM4F/port.o
 .text.prvTaskExitError
                0x000000000800559c       0x40 ./Middlewares/Third_Party/FreeRTOS/Source/portable/GCC/ARM_CM4F/port.o
 .text.pxPortInitialiseStack
                0x00000000080055dc       0x2c ./Middlewares/Third_Party/FreeRTOS/Source/portable/GCC/ARM_CM4F/port.o
                0x00000000080055dc                pxPortInitialiseStack
 *fill*         0x0000000008005608        0x8 
 .text.SVC_Handler
                0x0000000008005610       0x24 ./Middlewares/Third_Party/FreeRTOS/Source/portable/GCC/ARM_CM4F/port.o
                0x0000000008005610                SVC_Handler
 .text.vPortEnterCritical
                0x0000000008005634       0x44 ./Middlewares/Third_Party/FreeRTOS/Source/portable/GCC/ARM_CM4F/port.o
                0x0000000008005634                vPortEnterCritical
 .text.vPortExitCritical
                0x0000000008005678       0x28 ./Middlewares/Third_Party/FreeRTOS/Source/portable/GCC/ARM_CM4F/port.o
                0x0000000008005678                vPortExitCritical
 .text.PendSV_Handler
                0x00000000080056a0       0x64 ./Middlewares/Third_Party/FreeRTOS/Source/portable/GCC/ARM_CM4F/port.o
                0x00000000080056a0                PendSV_Handler
 .text.xPortSysTickHandler
                0x0000000008005704       0x2c ./Middlewares/Third_Party/FreeRTOS/Source/portable/GCC/ARM_CM4F/port.o
                0x0000000008005704                xPortSysTickHandler
 .text.vPortSetupTimerInterrupt
                0x0000000008005730       0x34 ./Middlewares/Third_Party/FreeRTOS/Source/portable/GCC/ARM_CM4F/port.o
                0x0000000008005730                vPortSetupTimerInterrupt
 .text.xPortStartScheduler
                0x0000000008005764      0x108 ./Middlewares/Third_Party/FreeRTOS/Source/portable/GCC/ARM_CM4F/port.o
                0x0000000008005764                xPortStartScheduler
 .text.vPortValidateInterruptPriority
                0x000000000800586c       0x5c ./Middlewares/Third_Party/FreeRTOS/Source/portable/GCC/ARM_CM4F/port.o
                0x000000000800586c                vPortValidateInterruptPriority
 .text.prvInsertBlockIntoFreeList
                0x00000000080058c8       0x48 ./Middlewares/Third_Party/FreeRTOS/Source/portable/MemMang/heap_4.o
 .text.pvPortMalloc
                0x0000000008005910      0x124 ./Middlewares/Third_Party/FreeRTOS/Source/portable/MemMang/heap_4.o
                0x0000000008005910                pvPortMalloc
 .text.vPortFree
                0x0000000008005a34       0x7c ./Middlewares/Third_Party/FreeRTOS/Source/portable/MemMang/heap_4.o
                0x0000000008005a34                vPortFree
 .text.__errno  0x0000000008005ab0        0xc c:/st/stm32cubeide_1.8.0/stm32cubeide/plugins/com.st.stm32cube.ide.mcu.externaltools.gnu-tools-for-stm32.9-2020-q2-update.win32_2.0.0.202105311346/tools/bin/../lib/gcc/arm-none-eabi/9.3.1/../../../../arm-none-eabi/lib/thumb/v7e-m+fp/hard\libc_nano.a(lib_a-errno.o)
                0x0000000008005ab0                __errno
 .text.__libc_init_array
                0x0000000008005abc       0x48 c:/st/stm32cubeide_1.8.0/stm32cubeide/plugins/com.st.stm32cube.ide.mcu.externaltools.gnu-tools-for-stm32.9-2020-q2-update.win32_2.0.0.202105311346/tools/bin/../lib/gcc/arm-none-eabi/9.3.1/../../../../arm-none-eabi/lib/thumb/v7e-m+fp/hard\libc_nano.a(lib_a-init.o)
                0x0000000008005abc                __libc_init_array
 .text.memcpy   0x0000000008005b04       0x1c c:/st/stm32cubeide_1.8.0/stm32cubeide/plugins/com.st.stm32cube.ide.mcu.externaltools.gnu-tools-for-stm32.9-2020-q2-update.win32_2.0.0.202105311346/tools/bin/../lib/gcc/arm-none-eabi/9.3.1/../../../../arm-none-eabi/lib/thumb/v7e-m+fp/hard\libc_nano.a(lib_a-memcpy-stub.o)
                0x0000000008005b04                memcpy
 .text.memset   0x0000000008005b20       0x10 c:/st/stm32cubeide_1.8.0/stm32cubeide/plugins/com.st.stm32cube.ide.mcu.externaltools.gnu-tools-for-stm32.9-2020-q2-update.win32_2.0.0.202105311346/tools/bin/../lib/gcc/arm-none-eabi/9.3.1/../../../../arm-none-eabi/lib/thumb/v7e-m+fp/hard\libc_nano.a(lib_a-memset.o)
                0x0000000008005b20                memset
 .text.__cvt    0x0000000008005b30       0xc4 c:/st/stm32cubeide_1.8.0/stm32cubeide/plugins/com.st.stm32cube.ide.mcu.externaltools.gnu-tools-for-stm32.9-2020-q2-update.win32_2.0.0.202105311346/tools/bin/../lib/gcc/arm-none-eabi/9.3.1/../../../../arm-none-eabi/lib/thumb/v7e-m+fp/hard\libc_nano.a(lib_a-nano-vfprintf_float.o)
                0x0000000008005b30                __cvt
 .text.__exponent
                0x0000000008005bf4       0x7c c:/st/stm32cubeide_1.8.0/stm32cubeide/plugins/com.st.stm32cube.ide.mcu.externaltools.gnu-tools-for-stm32.9-2020-q2-update.win32_2.0.0.202105311346/tools/bin/../lib/gcc/arm-none-eabi/9.3.1/../../../../arm-none-eabi/lib/thumb/v7e-m+fp/hard\libc_nano.a(lib_a-nano-vfprintf_float.o)
                0x0000000008005bf4                __exponent
 .text._printf_float
                0x0000000008005c70      0x46c c:/st/stm32cubeide_1.8.0/stm32cubeide/plugins/com.st.stm32cube.ide.mcu.externaltools.gnu-tools-for-stm32.9-2020-q2-update.win32_2.0.0.202105311346/tools/bin/../lib/gcc/arm-none-eabi/9.3.1/../../../../arm-none-eabi/lib/thumb/v7e-m+fp/hard\libc_nano.a(lib_a-nano-vfprintf_float.o)
                0x0000000008005c70                _printf_float
 .text._printf_common
                0x00000000080060dc       0xda c:/st/stm32cubeide_1.8.0/stm32cubeide/plugins/com.st.stm32cube.ide.mcu.externaltools.gnu-tools-for-stm32.9-2020-q2-update.win32_2.0.0.202105311346/tools/bin/../lib/gcc/arm-none-eabi/9.3.1/../../../../arm-none-eabi/lib/thumb/v7e-m+fp/hard\libc_nano.a(lib_a-nano-vfprintf_i.o)
                0x00000000080060dc                _printf_common
 *fill*         0x00000000080061b6        0x2 
 .text._printf_i
                0x00000000080061b8      0x24c c:/st/stm32cubeide_1.8.0/stm32cubeide/plugins/com.st.stm32cube.ide.mcu.externaltools.gnu-tools-for-stm32.9-2020-q2-update.win32_2.0.0.202105311346/tools/bin/../lib/gcc/arm-none-eabi/9.3.1/../../../../arm-none-eabi/lib/thumb/v7e-m+fp/hard\libc_nano.a(lib_a-nano-vfprintf_i.o)
                0x00000000080061b8                _printf_i
 .text.printf   0x0000000008006404       0x30 c:/st/stm32cubeide_1.8.0/stm32cubeide/plugins/com.st.stm32cube.ide.mcu.externaltools.gnu-tools-for-stm32.9-2020-q2-update.win32_2.0.0.202105311346/tools/bin/../lib/gcc/arm-none-eabi/9.3.1/../../../../arm-none-eabi/lib/thumb/v7e-m+fp/hard\libc_nano.a(lib_a-printf.o)
                0x0000000008006404                iprintf
                0x0000000008006404                printf
 .text._puts_r  0x0000000008006434       0xdc c:/st/stm32cubeide_1.8.0/stm32cubeide/plugins/com.st.stm32cube.ide.mcu.externaltools.gnu-tools-for-stm32.9-2020-q2-update.win32_2.0.0.202105311346/tools/bin/../lib/gcc/arm-none-eabi/9.3.1/../../../../arm-none-eabi/lib/thumb/v7e-m+fp/hard\libc_nano.a(lib_a-puts.o)
                0x0000000008006434                _puts_r
 .text.puts     0x0000000008006510       0x10 c:/st/stm32cubeide_1.8.0/stm32cubeide/plugins/com.st.stm32cube.ide.mcu.externaltools.gnu-tools-for-stm32.9-2020-q2-update.win32_2.0.0.202105311346/tools/bin/../lib/gcc/arm-none-eabi/9.3.1/../../../../arm-none-eabi/lib/thumb/v7e-m+fp/hard\libc_nano.a(lib_a-puts.o)
                0x0000000008006510                puts
 .text.sprintf  0x0000000008006520       0x40 c:/st/stm32cubeide_1.8.0/stm32cubeide/plugins/com.st.stm32cube.ide.mcu.externaltools.gnu-tools-for-stm32.9-2020-q2-update.win32_2.0.0.202105311346/tools/bin/../lib/gcc/arm-none-eabi/9.3.1/../../../../arm-none-eabi/lib/thumb/v7e-m+fp/hard\libc_nano.a(lib_a-sprintf.o)
                0x0000000008006520                siprintf
                0x0000000008006520                sprintf
 .text.strcpy   0x0000000008006560       0x10 c:/st/stm32cubeide_1.8.0/stm32cubeide/plugins/com.st.stm32cube.ide.mcu.externaltools.gnu-tools-for-stm32.9-2020-q2-update.win32_2.0.0.202105311346/tools/bin/../lib/gcc/arm-none-eabi/9.3.1/../../../../arm-none-eabi/lib/thumb/v7e-m+fp/hard\libc_nano.a(lib_a-strcpy.o)
                0x0000000008006560                strcpy
 .text.__swbuf_r
                0x0000000008006570       0xa4 c:/st/stm32cubeide_1.8.0/stm32cubeide/plugins/com.st.stm32cube.ide.mcu.externaltools.gnu-tools-for-stm32.9-2020-q2-update.win32_2.0.0.202105311346/tools/bin/../lib/gcc/arm-none-eabi/9.3.1/../../../../arm-none-eabi/lib/thumb/v7e-m+fp/hard\libc_nano.a(lib_a-wbuf.o)
                0x0000000008006570                __swbuf_r
 .text.__swsetup_r
                0x0000000008006614       0xdc c:/st/stm32cubeide_1.8.0/stm32cubeide/plugins/com.st.stm32cube.ide.mcu.externaltools.gnu-tools-for-stm32.9-2020-q2-update.win32_2.0.0.202105311346/tools/bin/../lib/gcc/arm-none-eabi/9.3.1/../../../../arm-none-eabi/lib/thumb/v7e-m+fp/hard\libc_nano.a(lib_a-wsetup.o)
                0x0000000008006614                __swsetup_r
 .text.quorem   0x00000000080066f0      0x116 c:/st/stm32cubeide_1.8.0/stm32cubeide/plugins/com.st.stm32cube.ide.mcu.externaltools.gnu-tools-for-stm32.9-2020-q2-update.win32_2.0.0.202105311346/tools/bin/../lib/gcc/arm-none-eabi/9.3.1/../../../../arm-none-eabi/lib/thumb/v7e-m+fp/hard\libc_nano.a(lib_a-dtoa.o)
 *fill*         0x0000000008006806        0x2 
 .text._dtoa_r  0x0000000008006808      0xbd8 c:/st/stm32cubeide_1.8.0/stm32cubeide/plugins/com.st.stm32cube.ide.mcu.externaltools.gnu-tools-for-stm32.9-2020-q2-update.win32_2.0.0.202105311346/tools/bin/../lib/gcc/arm-none-eabi/9.3.1/../../../../arm-none-eabi/lib/thumb/v7e-m+fp/hard\libc_nano.a(lib_a-dtoa.o)
                0x0000000008006808                _dtoa_r
 .text.__sflush_r
                0x00000000080073e0      0x10c c:/st/stm32cubeide_1.8.0/stm32cubeide/plugins/com.st.stm32cube.ide.mcu.externaltools.gnu-tools-for-stm32.9-2020-q2-update.win32_2.0.0.202105311346/tools/bin/../lib/gcc/arm-none-eabi/9.3.1/../../../../arm-none-eabi/lib/thumb/v7e-m+fp/hard\libc_nano.a(lib_a-fflush.o)
                0x00000000080073e0                __sflush_r
 .text._fflush_r
                0x00000000080074ec       0x78 c:/st/stm32cubeide_1.8.0/stm32cubeide/plugins/com.st.stm32cube.ide.mcu.externaltools.gnu-tools-for-stm32.9-2020-q2-update.win32_2.0.0.202105311346/tools/bin/../lib/gcc/arm-none-eabi/9.3.1/../../../../arm-none-eabi/lib/thumb/v7e-m+fp/hard\libc_nano.a(lib_a-fflush.o)
                0x00000000080074ec                _fflush_r
 .text.std      0x0000000008007564       0x48 c:/st/stm32cubeide_1.8.0/stm32cubeide/plugins/com.st.stm32cube.ide.mcu.externaltools.gnu-tools-for-stm32.9-2020-q2-update.win32_2.0.0.202105311346/tools/bin/../lib/gcc/arm-none-eabi/9.3.1/../../../../arm-none-eabi/lib/thumb/v7e-m+fp/hard\libc_nano.a(lib_a-findfp.o)
 .text._cleanup_r
                0x00000000080075ac        0xc c:/st/stm32cubeide_1.8.0/stm32cubeide/plugins/com.st.stm32cube.ide.mcu.externaltools.gnu-tools-for-stm32.9-2020-q2-update.win32_2.0.0.202105311346/tools/bin/../lib/gcc/arm-none-eabi/9.3.1/../../../../arm-none-eabi/lib/thumb/v7e-m+fp/hard\libc_nano.a(lib_a-findfp.o)
                0x00000000080075ac                _cleanup_r
 .text.__sfmoreglue
                0x00000000080075b8       0x2c c:/st/stm32cubeide_1.8.0/stm32cubeide/plugins/com.st.stm32cube.ide.mcu.externaltools.gnu-tools-for-stm32.9-2020-q2-update.win32_2.0.0.202105311346/tools/bin/../lib/gcc/arm-none-eabi/9.3.1/../../../../arm-none-eabi/lib/thumb/v7e-m+fp/hard\libc_nano.a(lib_a-findfp.o)
                0x00000000080075b8                __sfmoreglue
 .text.__sfp_lock_acquire
                0x00000000080075e4        0xc c:/st/stm32cubeide_1.8.0/stm32cubeide/plugins/com.st.stm32cube.ide.mcu.externaltools.gnu-tools-for-stm32.9-2020-q2-update.win32_2.0.0.202105311346/tools/bin/../lib/gcc/arm-none-eabi/9.3.1/../../../../arm-none-eabi/lib/thumb/v7e-m+fp/hard\libc_nano.a(lib_a-findfp.o)
                0x00000000080075e4                __sfp_lock_acquire
 .text.__sfp_lock_release
                0x00000000080075f0        0xc c:/st/stm32cubeide_1.8.0/stm32cubeide/plugins/com.st.stm32cube.ide.mcu.externaltools.gnu-tools-for-stm32.9-2020-q2-update.win32_2.0.0.202105311346/tools/bin/../lib/gcc/arm-none-eabi/9.3.1/../../../../arm-none-eabi/lib/thumb/v7e-m+fp/hard\libc_nano.a(lib_a-findfp.o)
                0x00000000080075f0                __sfp_lock_release
 .text.__sinit_lock_acquire
                0x00000000080075fc        0xc c:/st/stm32cubeide_1.8.0/stm32cubeide/plugins/com.st.stm32cube.ide.mcu.externaltools.gnu-tools-for-stm32.9-2020-q2-update.win32_2.0.0.202105311346/tools/bin/../lib/gcc/arm-none-eabi/9.3.1/../../../../arm-none-eabi/lib/thumb/v7e-m+fp/hard\libc_nano.a(lib_a-findfp.o)
                0x00000000080075fc                __sinit_lock_acquire
 .text.__sinit_lock_release
                0x0000000008007608        0xc c:/st/stm32cubeide_1.8.0/stm32cubeide/plugins/com.st.stm32cube.ide.mcu.externaltools.gnu-tools-for-stm32.9-2020-q2-update.win32_2.0.0.202105311346/tools/bin/../lib/gcc/arm-none-eabi/9.3.1/../../../../arm-none-eabi/lib/thumb/v7e-m+fp/hard\libc_nano.a(lib_a-findfp.o)
                0x0000000008007608                __sinit_lock_release
 .text.__sinit  0x0000000008007614       0x70 c:/st/stm32cubeide_1.8.0/stm32cubeide/plugins/com.st.stm32cube.ide.mcu.externaltools.gnu-tools-for-stm32.9-2020-q2-update.win32_2.0.0.202105311346/tools/bin/../lib/gcc/arm-none-eabi/9.3.1/../../../../arm-none-eabi/lib/thumb/v7e-m+fp/hard\libc_nano.a(lib_a-findfp.o)
                0x0000000008007614                __sinit
 .text.__sfp    0x0000000008007684       0x8c c:/st/stm32cubeide_1.8.0/stm32cubeide/plugins/com.st.stm32cube.ide.mcu.externaltools.gnu-tools-for-stm32.9-2020-q2-update.win32_2.0.0.202105311346/tools/bin/../lib/gcc/arm-none-eabi/9.3.1/../../../../arm-none-eabi/lib/thumb/v7e-m+fp/hard\libc_nano.a(lib_a-findfp.o)
                0x0000000008007684                __sfp
 .text._fwalk_reent
                0x0000000008007710       0x3e c:/st/stm32cubeide_1.8.0/stm32cubeide/plugins/com.st.stm32cube.ide.mcu.externaltools.gnu-tools-for-stm32.9-2020-q2-update.win32_2.0.0.202105311346/tools/bin/../lib/gcc/arm-none-eabi/9.3.1/../../../../arm-none-eabi/lib/thumb/v7e-m+fp/hard\libc_nano.a(lib_a-fwalk.o)
                0x0000000008007710                _fwalk_reent
 *fill*         0x000000000800774e        0x2 
 .text._localeconv_r
                0x0000000008007750        0x8 c:/st/stm32cubeide_1.8.0/stm32cubeide/plugins/com.st.stm32cube.ide.mcu.externaltools.gnu-tools-for-stm32.9-2020-q2-update.win32_2.0.0.202105311346/tools/bin/../lib/gcc/arm-none-eabi/9.3.1/../../../../arm-none-eabi/lib/thumb/v7e-m+fp/hard\libc_nano.a(lib_a-localeconv.o)
                0x0000000008007750                _localeconv_r
 .text.__retarget_lock_init_recursive
                0x0000000008007758        0x2 c:/st/stm32cubeide_1.8.0/stm32cubeide/plugins/com.st.stm32cube.ide.mcu.externaltools.gnu-tools-for-stm32.9-2020-q2-update.win32_2.0.0.202105311346/tools/bin/../lib/gcc/arm-none-eabi/9.3.1/../../../../arm-none-eabi/lib/thumb/v7e-m+fp/hard\libc_nano.a(lib_a-lock.o)
                0x0000000008007758                __retarget_lock_init_recursive
 .text.__retarget_lock_acquire_recursive
                0x000000000800775a        0x2 c:/st/stm32cubeide_1.8.0/stm32cubeide/plugins/com.st.stm32cube.ide.mcu.externaltools.gnu-tools-for-stm32.9-2020-q2-update.win32_2.0.0.202105311346/tools/bin/../lib/gcc/arm-none-eabi/9.3.1/../../../../arm-none-eabi/lib/thumb/v7e-m+fp/hard\libc_nano.a(lib_a-lock.o)
                0x000000000800775a                __retarget_lock_acquire_recursive
 .text.__retarget_lock_release_recursive
                0x000000000800775c        0x2 c:/st/stm32cubeide_1.8.0/stm32cubeide/plugins/com.st.stm32cube.ide.mcu.externaltools.gnu-tools-for-stm32.9-2020-q2-update.win32_2.0.0.202105311346/tools/bin/../lib/gcc/arm-none-eabi/9.3.1/../../../../arm-none-eabi/lib/thumb/v7e-m+fp/hard\libc_nano.a(lib_a-lock.o)
                0x000000000800775c                __retarget_lock_release_recursive
 .text.__swhatbuf_r
                0x000000000800775e       0x48 c:/st/stm32cubeide_1.8.0/stm32cubeide/plugins/com.st.stm32cube.ide.mcu.externaltools.gnu-tools-for-stm32.9-2020-q2-update.win32_2.0.0.202105311346/tools/bin/../lib/gcc/arm-none-eabi/9.3.1/../../../../arm-none-eabi/lib/thumb/v7e-m+fp/hard\libc_nano.a(lib_a-makebuf.o)
                0x000000000800775e                __swhatbuf_r
 *fill*         0x00000000080077a6        0x2 
 .text.__smakebuf_r
                0x00000000080077a8       0x80 c:/st/stm32cubeide_1.8.0/stm32cubeide/plugins/com.st.stm32cube.ide.mcu.externaltools.gnu-tools-for-stm32.9-2020-q2-update.win32_2.0.0.202105311346/tools/bin/../lib/gcc/arm-none-eabi/9.3.1/../../../../arm-none-eabi/lib/thumb/v7e-m+fp/hard\libc_nano.a(lib_a-makebuf.o)
                0x00000000080077a8                __smakebuf_r
 .text.malloc   0x0000000008007828       0x10 c:/st/stm32cubeide_1.8.0/stm32cubeide/plugins/com.st.stm32cube.ide.mcu.externaltools.gnu-tools-for-stm32.9-2020-q2-update.win32_2.0.0.202105311346/tools/bin/../lib/gcc/arm-none-eabi/9.3.1/../../../../arm-none-eabi/lib/thumb/v7e-m+fp/hard\libc_nano.a(lib_a-malloc.o)
                0x0000000008007828                malloc
 .text._Balloc  0x0000000008007838       0x80 c:/st/stm32cubeide_1.8.0/stm32cubeide/plugins/com.st.stm32cube.ide.mcu.externaltools.gnu-tools-for-stm32.9-2020-q2-update.win32_2.0.0.202105311346/tools/bin/../lib/gcc/arm-none-eabi/9.3.1/../../../../arm-none-eabi/lib/thumb/v7e-m+fp/hard\libc_nano.a(lib_a-mprec.o)
                0x0000000008007838                _Balloc
 .text._Bfree   0x00000000080078b8       0x44 c:/st/stm32cubeide_1.8.0/stm32cubeide/plugins/com.st.stm32cube.ide.mcu.externaltools.gnu-tools-for-stm32.9-2020-q2-update.win32_2.0.0.202105311346/tools/bin/../lib/gcc/arm-none-eabi/9.3.1/../../../../arm-none-eabi/lib/thumb/v7e-m+fp/hard\libc_nano.a(lib_a-mprec.o)
                0x00000000080078b8                _Bfree
 .text.__multadd
                0x00000000080078fc       0x94 c:/st/stm32cubeide_1.8.0/stm32cubeide/plugins/com.st.stm32cube.ide.mcu.externaltools.gnu-tools-for-stm32.9-2020-q2-update.win32_2.0.0.202105311346/tools/bin/../lib/gcc/arm-none-eabi/9.3.1/../../../../arm-none-eabi/lib/thumb/v7e-m+fp/hard\libc_nano.a(lib_a-mprec.o)
                0x00000000080078fc                __multadd
 .text.__hi0bits
                0x0000000008007990       0x40 c:/st/stm32cubeide_1.8.0/stm32cubeide/plugins/com.st.stm32cube.ide.mcu.externaltools.gnu-tools-for-stm32.9-2020-q2-update.win32_2.0.0.202105311346/tools/bin/../lib/gcc/arm-none-eabi/9.3.1/../../../../arm-none-eabi/lib/thumb/v7e-m+fp/hard\libc_nano.a(lib_a-mprec.o)
                0x0000000008007990                __hi0bits
 .text.__lo0bits
                0x00000000080079d0       0x60 c:/st/stm32cubeide_1.8.0/stm32cubeide/plugins/com.st.stm32cube.ide.mcu.externaltools.gnu-tools-for-stm32.9-2020-q2-update.win32_2.0.0.202105311346/tools/bin/../lib/gcc/arm-none-eabi/9.3.1/../../../../arm-none-eabi/lib/thumb/v7e-m+fp/hard\libc_nano.a(lib_a-mprec.o)
                0x00000000080079d0                __lo0bits
 .text.__i2b    0x0000000008007a30       0x2c c:/st/stm32cubeide_1.8.0/stm32cubeide/plugins/com.st.stm32cube.ide.mcu.externaltools.gnu-tools-for-stm32.9-2020-q2-update.win32_2.0.0.202105311346/tools/bin/../lib/gcc/arm-none-eabi/9.3.1/../../../../arm-none-eabi/lib/thumb/v7e-m+fp/hard\libc_nano.a(lib_a-mprec.o)
                0x0000000008007a30                __i2b
 .text.__multiply
                0x0000000008007a5c      0x14c c:/st/stm32cubeide_1.8.0/stm32cubeide/plugins/com.st.stm32cube.ide.mcu.externaltools.gnu-tools-for-stm32.9-2020-q2-update.win32_2.0.0.202105311346/tools/bin/../lib/gcc/arm-none-eabi/9.3.1/../../../../arm-none-eabi/lib/thumb/v7e-m+fp/hard\libc_nano.a(lib_a-mprec.o)
                0x0000000008007a5c                __multiply
 .text.__pow5mult
                0x0000000008007ba8       0xb4 c:/st/stm32cubeide_1.8.0/stm32cubeide/plugins/com.st.stm32cube.ide.mcu.externaltools.gnu-tools-for-stm32.9-2020-q2-update.win32_2.0.0.202105311346/tools/bin/../lib/gcc/arm-none-eabi/9.3.1/../../../../arm-none-eabi/lib/thumb/v7e-m+fp/hard\libc_nano.a(lib_a-mprec.o)
                0x0000000008007ba8                __pow5mult
 .text.__lshift
                0x0000000008007c5c       0xd8 c:/st/stm32cubeide_1.8.0/stm32cubeide/plugins/com.st.stm32cube.ide.mcu.externaltools.gnu-tools-for-stm32.9-2020-q2-update.win32_2.0.0.202105311346/tools/bin/../lib/gcc/arm-none-eabi/9.3.1/../../../../arm-none-eabi/lib/thumb/v7e-m+fp/hard\libc_nano.a(lib_a-mprec.o)
                0x0000000008007c5c                __lshift
 .text.__mcmp   0x0000000008007d34       0x38 c:/st/stm32cubeide_1.8.0/stm32cubeide/plugins/com.st.stm32cube.ide.mcu.externaltools.gnu-tools-for-stm32.9-2020-q2-update.win32_2.0.0.202105311346/tools/bin/../lib/gcc/arm-none-eabi/9.3.1/../../../../arm-none-eabi/lib/thumb/v7e-m+fp/hard\libc_nano.a(lib_a-mprec.o)
                0x0000000008007d34                __mcmp
 .text.__mdiff  0x0000000008007d6c      0x110 c:/st/stm32cubeide_1.8.0/stm32cubeide/plugins/com.st.stm32cube.ide.mcu.externaltools.gnu-tools-for-stm32.9-2020-q2-update.win32_2.0.0.202105311346/tools/bin/../lib/gcc/arm-none-eabi/9.3.1/../../../../arm-none-eabi/lib/thumb/v7e-m+fp/hard\libc_nano.a(lib_a-mprec.o)
                0x0000000008007d6c                __mdiff
 .text.__d2b    0x0000000008007e7c       0xb8 c:/st/stm32cubeide_1.8.0/stm32cubeide/plugins/com.st.stm32cube.ide.mcu.externaltools.gnu-tools-for-stm32.9-2020-q2-update.win32_2.0.0.202105311346/tools/bin/../lib/gcc/arm-none-eabi/9.3.1/../../../../arm-none-eabi/lib/thumb/v7e-m+fp/hard\libc_nano.a(lib_a-mprec.o)
                0x0000000008007e7c                __d2b
 .text._calloc_r
                0x0000000008007f34       0x1e c:/st/stm32cubeide_1.8.0/stm32cubeide/plugins/com.st.stm32cube.ide.mcu.externaltools.gnu-tools-for-stm32.9-2020-q2-update.win32_2.0.0.202105311346/tools/bin/../lib/gcc/arm-none-eabi/9.3.1/../../../../arm-none-eabi/lib/thumb/v7e-m+fp/hard\libc_nano.a(lib_a-nano-callocr.o)
                0x0000000008007f34                _calloc_r
 *fill*         0x0000000008007f52        0x2 
 .text._free_r  0x0000000008007f54       0xa0 c:/st/stm32cubeide_1.8.0/stm32cubeide/plugins/com.st.stm32cube.ide.mcu.externaltools.gnu-tools-for-stm32.9-2020-q2-update.win32_2.0.0.202105311346/tools/bin/../lib/gcc/arm-none-eabi/9.3.1/../../../../arm-none-eabi/lib/thumb/v7e-m+fp/hard\libc_nano.a(lib_a-nano-freer.o)
                0x0000000008007f54                _free_r
 .text._malloc_r
                0x0000000008007ff4       0xb4 c:/st/stm32cubeide_1.8.0/stm32cubeide/plugins/com.st.stm32cube.ide.mcu.externaltools.gnu-tools-for-stm32.9-2020-q2-update.win32_2.0.0.202105311346/tools/bin/../lib/gcc/arm-none-eabi/9.3.1/../../../../arm-none-eabi/lib/thumb/v7e-m+fp/hard\libc_nano.a(lib_a-nano-mallocr.o)
                0x0000000008007ff4                _malloc_r
 .text.__ssputs_r
                0x00000000080080a8       0xb6 c:/st/stm32cubeide_1.8.0/stm32cubeide/plugins/com.st.stm32cube.ide.mcu.externaltools.gnu-tools-for-stm32.9-2020-q2-update.win32_2.0.0.202105311346/tools/bin/../lib/gcc/arm-none-eabi/9.3.1/../../../../arm-none-eabi/lib/thumb/v7e-m+fp/hard\libc_nano.a(lib_a-nano-svfprintf.o)
                0x00000000080080a8                __ssputs_r
 *fill*         0x000000000800815e        0x2 
 .text._svfprintf_r
                0x0000000008008160      0x200 c:/st/stm32cubeide_1.8.0/stm32cubeide/plugins/com.st.stm32cube.ide.mcu.externaltools.gnu-tools-for-stm32.9-2020-q2-update.win32_2.0.0.202105311346/tools/bin/../lib/gcc/arm-none-eabi/9.3.1/../../../../arm-none-eabi/lib/thumb/v7e-m+fp/hard\libc_nano.a(lib_a-nano-svfprintf.o)
                0x0000000008008160                _svfiprintf_r
                0x0000000008008160                _svfprintf_r
 .text.__sfputc_r
                0x0000000008008360       0x2e c:/st/stm32cubeide_1.8.0/stm32cubeide/plugins/com.st.stm32cube.ide.mcu.externaltools.gnu-tools-for-stm32.9-2020-q2-update.win32_2.0.0.202105311346/tools/bin/../lib/gcc/arm-none-eabi/9.3.1/../../../../arm-none-eabi/lib/thumb/v7e-m+fp/hard\libc_nano.a(lib_a-nano-vfprintf.o)
 .text.__sfputs_r
                0x000000000800838e       0x24 c:/st/stm32cubeide_1.8.0/stm32cubeide/plugins/com.st.stm32cube.ide.mcu.externaltools.gnu-tools-for-stm32.9-2020-q2-update.win32_2.0.0.202105311346/tools/bin/../lib/gcc/arm-none-eabi/9.3.1/../../../../arm-none-eabi/lib/thumb/v7e-m+fp/hard\libc_nano.a(lib_a-nano-vfprintf.o)
                0x000000000800838e                __sfputs_r
 *fill*         0x00000000080083b2        0x2 
 .text._vfprintf_r
                0x00000000080083b4      0x260 c:/st/stm32cubeide_1.8.0/stm32cubeide/plugins/com.st.stm32cube.ide.mcu.externaltools.gnu-tools-for-stm32.9-2020-q2-update.win32_2.0.0.202105311346/tools/bin/../lib/gcc/arm-none-eabi/9.3.1/../../../../arm-none-eabi/lib/thumb/v7e-m+fp/hard\libc_nano.a(lib_a-nano-vfprintf.o)
                0x00000000080083b4                _vfprintf_r
                0x00000000080083b4                _vfiprintf_r
 .text._sbrk_r  0x0000000008008614       0x20 c:/st/stm32cubeide_1.8.0/stm32cubeide/plugins/com.st.stm32cube.ide.mcu.externaltools.gnu-tools-for-stm32.9-2020-q2-update.win32_2.0.0.202105311346/tools/bin/../lib/gcc/arm-none-eabi/9.3.1/../../../../arm-none-eabi/lib/thumb/v7e-m+fp/hard\libc_nano.a(lib_a-sbrkr.o)
                0x0000000008008614                _sbrk_r
 .text.__sread  0x0000000008008634       0x22 c:/st/stm32cubeide_1.8.0/stm32cubeide/plugins/com.st.stm32cube.ide.mcu.externaltools.gnu-tools-for-stm32.9-2020-q2-update.win32_2.0.0.202105311346/tools/bin/../lib/gcc/arm-none-eabi/9.3.1/../../../../arm-none-eabi/lib/thumb/v7e-m+fp/hard\libc_nano.a(lib_a-stdio.o)
                0x0000000008008634                __sread
 .text.__swrite
                0x0000000008008656       0x38 c:/st/stm32cubeide_1.8.0/stm32cubeide/plugins/com.st.stm32cube.ide.mcu.externaltools.gnu-tools-for-stm32.9-2020-q2-update.win32_2.0.0.202105311346/tools/bin/../lib/gcc/arm-none-eabi/9.3.1/../../../../arm-none-eabi/lib/thumb/v7e-m+fp/hard\libc_nano.a(lib_a-stdio.o)
                0x0000000008008656                __swrite
 .text.__sseek  0x000000000800868e       0x24 c:/st/stm32cubeide_1.8.0/stm32cubeide/plugins/com.st.stm32cube.ide.mcu.externaltools.gnu-tools-for-stm32.9-2020-q2-update.win32_2.0.0.202105311346/tools/bin/../lib/gcc/arm-none-eabi/9.3.1/../../../../arm-none-eabi/lib/thumb/v7e-m+fp/hard\libc_nano.a(lib_a-stdio.o)
                0x000000000800868e                __sseek
 .text.__sclose
                0x00000000080086b2        0x8 c:/st/stm32cubeide_1.8.0/stm32cubeide/plugins/com.st.stm32cube.ide.mcu.externaltools.gnu-tools-for-stm32.9-2020-q2-update.win32_2.0.0.202105311346/tools/bin/../lib/gcc/arm-none-eabi/9.3.1/../../../../arm-none-eabi/lib/thumb/v7e-m+fp/hard\libc_nano.a(lib_a-stdio.o)
                0x00000000080086b2                __sclose
 *fill*         0x00000000080086ba        0x2 
 .text._write_r
                0x00000000080086bc       0x24 c:/st/stm32cubeide_1.8.0/stm32cubeide/plugins/com.st.stm32cube.ide.mcu.externaltools.gnu-tools-for-stm32.9-2020-q2-update.win32_2.0.0.202105311346/tools/bin/../lib/gcc/arm-none-eabi/9.3.1/../../../../arm-none-eabi/lib/thumb/v7e-m+fp/hard\libc_nano.a(lib_a-writer.o)
                0x00000000080086bc                _write_r
 .text.__assert_func
                0x00000000080086e0       0x3c c:/st/stm32cubeide_1.8.0/stm32cubeide/plugins/com.st.stm32cube.ide.mcu.externaltools.gnu-tools-for-stm32.9-2020-q2-update.win32_2.0.0.202105311346/tools/bin/../lib/gcc/arm-none-eabi/9.3.1/../../../../arm-none-eabi/lib/thumb/v7e-m+fp/hard\libc_nano.a(lib_a-assert.o)
                0x00000000080086e0                __assert_func
 .text._close_r
                0x000000000800871c       0x20 c:/st/stm32cubeide_1.8.0/stm32cubeide/plugins/com.st.stm32cube.ide.mcu.externaltools.gnu-tools-for-stm32.9-2020-q2-update.win32_2.0.0.202105311346/tools/bin/../lib/gcc/arm-none-eabi/9.3.1/../../../../arm-none-eabi/lib/thumb/v7e-m+fp/hard\libc_nano.a(lib_a-closer.o)
                0x000000000800871c                _close_r
 .text.fprintf  0x000000000800873c       0x24 c:/st/stm32cubeide_1.8.0/stm32cubeide/plugins/com.st.stm32cube.ide.mcu.externaltools.gnu-tools-for-stm32.9-2020-q2-update.win32_2.0.0.202105311346/tools/bin/../lib/gcc/arm-none-eabi/9.3.1/../../../../arm-none-eabi/lib/thumb/v7e-m+fp/hard\libc_nano.a(lib_a-fprintf.o)
                0x000000000800873c                fiprintf
                0x000000000800873c                fprintf
 .text._fstat_r
                0x0000000008008760       0x24 c:/st/stm32cubeide_1.8.0/stm32cubeide/plugins/com.st.stm32cube.ide.mcu.externaltools.gnu-tools-for-stm32.9-2020-q2-update.win32_2.0.0.202105311346/tools/bin/../lib/gcc/arm-none-eabi/9.3.1/../../../../arm-none-eabi/lib/thumb/v7e-m+fp/hard\libc_nano.a(lib_a-fstatr.o)
                0x0000000008008760                _fstat_r
 .text._isatty_r
                0x0000000008008784       0x20 c:/st/stm32cubeide_1.8.0/stm32cubeide/plugins/com.st.stm32cube.ide.mcu.externaltools.gnu-tools-for-stm32.9-2020-q2-update.win32_2.0.0.202105311346/tools/bin/../lib/gcc/arm-none-eabi/9.3.1/../../../../arm-none-eabi/lib/thumb/v7e-m+fp/hard\libc_nano.a(lib_a-isattyr.o)
                0x0000000008008784                _isatty_r
 .text._lseek_r
                0x00000000080087a4       0x24 c:/st/stm32cubeide_1.8.0/stm32cubeide/plugins/com.st.stm32cube.ide.mcu.externaltools.gnu-tools-for-stm32.9-2020-q2-update.win32_2.0.0.202105311346/tools/bin/../lib/gcc/arm-none-eabi/9.3.1/../../../../arm-none-eabi/lib/thumb/v7e-m+fp/hard\libc_nano.a(lib_a-lseekr.o)
                0x00000000080087a4                _lseek_r
 .text.__ascii_mbtowc
                0x00000000080087c8       0x24 c:/st/stm32cubeide_1.8.0/stm32cubeide/plugins/com.st.stm32cube.ide.mcu.externaltools.gnu-tools-for-stm32.9-2020-q2-update.win32_2.0.0.202105311346/tools/bin/../lib/gcc/arm-none-eabi/9.3.1/../../../../arm-none-eabi/lib/thumb/v7e-m+fp/hard\libc_nano.a(lib_a-mbtowc_r.o)
                0x00000000080087c8                __ascii_mbtowc
 .text.memmove  0x00000000080087ec       0x34 c:/st/stm32cubeide_1.8.0/stm32cubeide/plugins/com.st.stm32cube.ide.mcu.externaltools.gnu-tools-for-stm32.9-2020-q2-update.win32_2.0.0.202105311346/tools/bin/../lib/gcc/arm-none-eabi/9.3.1/../../../../arm-none-eabi/lib/thumb/v7e-m+fp/hard\libc_nano.a(lib_a-memmove.o)
                0x00000000080087ec                memmove
 .text.__malloc_lock
                0x0000000008008820        0xc c:/st/stm32cubeide_1.8.0/stm32cubeide/plugins/com.st.stm32cube.ide.mcu.externaltools.gnu-tools-for-stm32.9-2020-q2-update.win32_2.0.0.202105311346/tools/bin/../lib/gcc/arm-none-eabi/9.3.1/../../../../arm-none-eabi/lib/thumb/v7e-m+fp/hard\libc_nano.a(lib_a-mlock.o)
                0x0000000008008820                __malloc_lock
 .text.__malloc_unlock
                0x000000000800882c        0xc c:/st/stm32cubeide_1.8.0/stm32cubeide/plugins/com.st.stm32cube.ide.mcu.externaltools.gnu-tools-for-stm32.9-2020-q2-update.win32_2.0.0.202105311346/tools/bin/../lib/gcc/arm-none-eabi/9.3.1/../../../../arm-none-eabi/lib/thumb/v7e-m+fp/hard\libc_nano.a(lib_a-mlock.o)
                0x000000000800882c                __malloc_unlock
 .text._realloc_r
                0x0000000008008838       0x4c c:/st/stm32cubeide_1.8.0/stm32cubeide/plugins/com.st.stm32cube.ide.mcu.externaltools.gnu-tools-for-stm32.9-2020-q2-update.win32_2.0.0.202105311346/tools/bin/../lib/gcc/arm-none-eabi/9.3.1/../../../../arm-none-eabi/lib/thumb/v7e-m+fp/hard\libc_nano.a(lib_a-nano-reallocr.o)
                0x0000000008008838                _realloc_r
 .text._read_r  0x0000000008008884       0x24 c:/st/stm32cubeide_1.8.0/stm32cubeide/plugins/com.st.stm32cube.ide.mcu.externaltools.gnu-tools-for-stm32.9-2020-q2-update.win32_2.0.0.202105311346/tools/bin/../lib/gcc/arm-none-eabi/9.3.1/../../../../arm-none-eabi/lib/thumb/v7e-m+fp/hard\libc_nano.a(lib_a-readr.o)
                0x0000000008008884                _read_r
 .text.__ascii_wctomb
                0x00000000080088a8       0x1a c:/st/stm32cubeide_1.8.0/stm32cubeide/plugins/com.st.stm32cube.ide.mcu.externaltools.gnu-tools-for-stm32.9-2020-q2-update.win32_2.0.0.202105311346/tools/bin/../lib/gcc/arm-none-eabi/9.3.1/../../../../arm-none-eabi/lib/thumb/v7e-m+fp/hard\libc_nano.a(lib_a-wctomb_r.o)
                0x00000000080088a8                __ascii_wctomb
 .text.abort    0x00000000080088c2        0xe c:/st/stm32cubeide_1.8.0/stm32cubeide/plugins/com.st.stm32cube.ide.mcu.externaltools.gnu-tools-for-stm32.9-2020-q2-update.win32_2.0.0.202105311346/tools/bin/../lib/gcc/arm-none-eabi/9.3.1/../../../../arm-none-eabi/lib/thumb/v7e-m+fp/hard\libc_nano.a(lib_a-abort.o)
                0x00000000080088c2                abort
 .text._malloc_usable_size_r
                0x00000000080088d0       0x10 c:/st/stm32cubeide_1.8.0/stm32cubeide/plugins/com.st.stm32cube.ide.mcu.externaltools.gnu-tools-for-stm32.9-2020-q2-update.win32_2.0.0.202105311346/tools/bin/../lib/gcc/arm-none-eabi/9.3.1/../../../../arm-none-eabi/lib/thumb/v7e-m+fp/hard\libc_nano.a(lib_a-nano-msizer.o)
                0x00000000080088d0                _malloc_usable_size_r
 .text._raise_r
                0x00000000080088e0       0x50 c:/st/stm32cubeide_1.8.0/stm32cubeide/plugins/com.st.stm32cube.ide.mcu.externaltools.gnu-tools-for-stm32.9-2020-q2-update.win32_2.0.0.202105311346/tools/bin/../lib/gcc/arm-none-eabi/9.3.1/../../../../arm-none-eabi/lib/thumb/v7e-m+fp/hard\libc_nano.a(lib_a-signal.o)
                0x00000000080088e0                _raise_r
 .text.raise    0x0000000008008930       0x10 c:/st/stm32cubeide_1.8.0/stm32cubeide/plugins/com.st.stm32cube.ide.mcu.externaltools.gnu-tools-for-stm32.9-2020-q2-update.win32_2.0.0.202105311346/tools/bin/../lib/gcc/arm-none-eabi/9.3.1/../../../../arm-none-eabi/lib/thumb/v7e-m+fp/hard\libc_nano.a(lib_a-signal.o)
                0x0000000008008930                raise
 .text._kill_r  0x0000000008008940       0x24 c:/st/stm32cubeide_1.8.0/stm32cubeide/plugins/com.st.stm32cube.ide.mcu.externaltools.gnu-tools-for-stm32.9-2020-q2-update.win32_2.0.0.202105311346/tools/bin/../lib/gcc/arm-none-eabi/9.3.1/../../../../arm-none-eabi/lib/thumb/v7e-m+fp/hard\libc_nano.a(lib_a-signalr.o)
                0x0000000008008940                _kill_r
 .text._getpid_r
                0x0000000008008964        0x4 c:/st/stm32cubeide_1.8.0/stm32cubeide/plugins/com.st.stm32cube.ide.mcu.externaltools.gnu-tools-for-stm32.9-2020-q2-update.win32_2.0.0.202105311346/tools/bin/../lib/gcc/arm-none-eabi/9.3.1/../../../../arm-none-eabi/lib/thumb/v7e-m+fp/hard\libc_nano.a(lib_a-signalr.o)
                0x0000000008008964                _getpid_r
 .text.asin     0x0000000008008968       0x74 c:/st/stm32cubeide_1.8.0/stm32cubeide/plugins/com.st.stm32cube.ide.mcu.externaltools.gnu-tools-for-stm32.9-2020-q2-update.win32_2.0.0.202105311346/tools/bin/../lib/gcc/arm-none-eabi/9.3.1/../../../../arm-none-eabi/lib/thumb/v7e-m+fp/hard\libm.a(lib_a-w_asin.o)
                0x0000000008008968                asin
 .text.sqrt     0x00000000080089dc       0x68 c:/st/stm32cubeide_1.8.0/stm32cubeide/plugins/com.st.stm32cube.ide.mcu.externaltools.gnu-tools-for-stm32.9-2020-q2-update.win32_2.0.0.202105311346/tools/bin/../lib/gcc/arm-none-eabi/9.3.1/../../../../arm-none-eabi/lib/thumb/v7e-m+fp/hard\libm.a(lib_a-w_sqrt.o)
                0x00000000080089dc                sqrt
 .text.asinf    0x0000000008008a44       0x64 c:/st/stm32cubeide_1.8.0/stm32cubeide/plugins/com.st.stm32cube.ide.mcu.externaltools.gnu-tools-for-stm32.9-2020-q2-update.win32_2.0.0.202105311346/tools/bin/../lib/gcc/arm-none-eabi/9.3.1/../../../../arm-none-eabi/lib/thumb/v7e-m+fp/hard\libm.a(lib_a-wf_asin.o)
                0x0000000008008a44                asinf
 .text.sqrtf    0x0000000008008aa8       0x4c c:/st/stm32cubeide_1.8.0/stm32cubeide/plugins/com.st.stm32cube.ide.mcu.externaltools.gnu-tools-for-stm32.9-2020-q2-update.win32_2.0.0.202105311346/tools/bin/../lib/gcc/arm-none-eabi/9.3.1/../../../../arm-none-eabi/lib/thumb/v7e-m+fp/hard\libm.a(lib_a-wf_sqrt.o)
                0x0000000008008aa8                sqrtf
 *fill*         0x0000000008008af4        0x4 
 .text.__ieee754_asin
                0x0000000008008af8      0x428 c:/st/stm32cubeide_1.8.0/stm32cubeide/plugins/com.st.stm32cube.ide.mcu.externaltools.gnu-tools-for-stm32.9-2020-q2-update.win32_2.0.0.202105311346/tools/bin/../lib/gcc/arm-none-eabi/9.3.1/../../../../arm-none-eabi/lib/thumb/v7e-m+fp/hard\libm.a(lib_a-e_asin.o)
                0x0000000008008af8                __ieee754_asin
 .text.__ieee754_sqrt
                0x0000000008008f20      0x168 c:/st/stm32cubeide_1.8.0/stm32cubeide/plugins/com.st.stm32cube.ide.mcu.externaltools.gnu-tools-for-stm32.9-2020-q2-update.win32_2.0.0.202105311346/tools/bin/../lib/gcc/arm-none-eabi/9.3.1/../../../../arm-none-eabi/lib/thumb/v7e-m+fp/hard\libm.a(lib_a-e_sqrt.o)
                0x0000000008008f20                __ieee754_sqrt
 .text.__ieee754_asinf
                0x0000000008009088      0x1cc c:/st/stm32cubeide_1.8.0/stm32cubeide/plugins/com.st.stm32cube.ide.mcu.externaltools.gnu-tools-for-stm32.9-2020-q2-update.win32_2.0.0.202105311346/tools/bin/../lib/gcc/arm-none-eabi/9.3.1/../../../../arm-none-eabi/lib/thumb/v7e-m+fp/hard\libm.a(lib_a-ef_asin.o)
                0x0000000008009088                __ieee754_asinf
 .text.__ieee754_sqrtf
                0x0000000008009254        0x6 c:/st/stm32cubeide_1.8.0/stm32cubeide/plugins/com.st.stm32cube.ide.mcu.externaltools.gnu-tools-for-stm32.9-2020-q2-update.win32_2.0.0.202105311346/tools/bin/../lib/gcc/arm-none-eabi/9.3.1/../../../../arm-none-eabi/lib/thumb/v7e-m+fp/hard\libm.a(lib_a-ef_sqrt.o)
                0x0000000008009254                __ieee754_sqrtf
 .text.fabs     0x000000000800925a       0x12 c:/st/stm32cubeide_1.8.0/stm32cubeide/plugins/com.st.stm32cube.ide.mcu.externaltools.gnu-tools-for-stm32.9-2020-q2-update.win32_2.0.0.202105311346/tools/bin/../lib/gcc/arm-none-eabi/9.3.1/../../../../arm-none-eabi/lib/thumb/v7e-m+fp/hard\libm.a(lib_a-s_fabs.o)
                0x000000000800925a                fabs
 *fill*         0x000000000800926c        0x4 
 .text.nan      0x0000000008009270       0x10 c:/st/stm32cubeide_1.8.0/stm32cubeide/plugins/com.st.stm32cube.ide.mcu.externaltools.gnu-tools-for-stm32.9-2020-q2-update.win32_2.0.0.202105311346/tools/bin/../lib/gcc/arm-none-eabi/9.3.1/../../../../arm-none-eabi/lib/thumb/v7e-m+fp/hard\libm.a(lib_a-s_nan.o)
                0x0000000008009270                nan
 .text.fabsf    0x0000000008009280        0xe c:/st/stm32cubeide_1.8.0/stm32cubeide/plugins/com.st.stm32cube.ide.mcu.externaltools.gnu-tools-for-stm32.9-2020-q2-update.win32_2.0.0.202105311346/tools/bin/../lib/gcc/arm-none-eabi/9.3.1/../../../../arm-none-eabi/lib/thumb/v7e-m+fp/hard\libm.a(lib_a-sf_fabs.o)
                0x0000000008009280                fabsf
 *fill*         0x000000000800928e        0x2 
 .text.nanf     0x0000000008009290        0xc c:/st/stm32cubeide_1.8.0/stm32cubeide/plugins/com.st.stm32cube.ide.mcu.externaltools.gnu-tools-for-stm32.9-2020-q2-update.win32_2.0.0.202105311346/tools/bin/../lib/gcc/arm-none-eabi/9.3.1/../../../../arm-none-eabi/lib/thumb/v7e-m+fp/hard\libm.a(lib_a-sf_nan.o)
                0x0000000008009290                nanf
 *(.glue_7)
 .glue_7        0x000000000800929c        0x0 linker stubs
 *(.glue_7t)
 .glue_7t       0x000000000800929c        0x0 linker stubs
 *(.eh_frame)
 .eh_frame      0x000000000800929c        0x0 c:/st/stm32cubeide_1.8.0/stm32cubeide/plugins/com.st.stm32cube.ide.mcu.externaltools.gnu-tools-for-stm32.9-2020-q2-update.win32_2.0.0.202105311346/tools/bin/../lib/gcc/arm-none-eabi/9.3.1/thumb/v7e-m+fp/hard/crtbegin.o
 *(.init)
 .init          0x000000000800929c        0x4 c:/st/stm32cubeide_1.8.0/stm32cubeide/plugins/com.st.stm32cube.ide.mcu.externaltools.gnu-tools-for-stm32.9-2020-q2-update.win32_2.0.0.202105311346/tools/bin/../lib/gcc/arm-none-eabi/9.3.1/thumb/v7e-m+fp/hard/crti.o
                0x000000000800929c                _init
 .init          0x00000000080092a0        0x8 c:/st/stm32cubeide_1.8.0/stm32cubeide/plugins/com.st.stm32cube.ide.mcu.externaltools.gnu-tools-for-stm32.9-2020-q2-update.win32_2.0.0.202105311346/tools/bin/../lib/gcc/arm-none-eabi/9.3.1/thumb/v7e-m+fp/hard/crtn.o
 *(.fini)
 .fini          0x00000000080092a8        0x4 c:/st/stm32cubeide_1.8.0/stm32cubeide/plugins/com.st.stm32cube.ide.mcu.externaltools.gnu-tools-for-stm32.9-2020-q2-update.win32_2.0.0.202105311346/tools/bin/../lib/gcc/arm-none-eabi/9.3.1/thumb/v7e-m+fp/hard/crti.o
                0x00000000080092a8                _fini
 .fini          0x00000000080092ac        0x8 c:/st/stm32cubeide_1.8.0/stm32cubeide/plugins/com.st.stm32cube.ide.mcu.externaltools.gnu-tools-for-stm32.9-2020-q2-update.win32_2.0.0.202105311346/tools/bin/../lib/gcc/arm-none-eabi/9.3.1/thumb/v7e-m+fp/hard/crtn.o
                0x00000000080092b4                . = ALIGN (0x4)
                0x00000000080092b4                _etext = .

.vfp11_veneer   0x00000000080092b4        0x0
 .vfp11_veneer  0x00000000080092b4        0x0 linker stubs

.v4_bx          0x00000000080092b4        0x0
 .v4_bx         0x00000000080092b4        0x0 linker stubs

.iplt           0x00000000080092b4        0x0
 .iplt          0x00000000080092b4        0x0 c:/st/stm32cubeide_1.8.0/stm32cubeide/plugins/com.st.stm32cube.ide.mcu.externaltools.gnu-tools-for-stm32.9-2020-q2-update.win32_2.0.0.202105311346/tools/bin/../lib/gcc/arm-none-eabi/9.3.1/thumb/v7e-m+fp/hard/crtbegin.o

.rodata         0x00000000080092b8      0xf8c
                0x00000000080092b8                . = ALIGN (0x4)
 *(.rodata)
 .rodata        0x00000000080092b8       0x28 ./Core/Src/main.o
 *(.rodata*)
 .rodata.oled_asc2_1206
                0x00000000080092e0      0x474 ./Core/PeripheralDriver/Src/oled.o
                0x00000000080092e0                oled_asc2_1206
 .rodata.oled_asc2_1608
                0x0000000008009754      0x5f0 ./Core/PeripheralDriver/Src/oled.o
                0x0000000008009754                oled_asc2_1608
 .rodata.ICM_Gyrocali.str1.1
                0x0000000008009d44        0xe ./Core/Src/ICM20948.o
                                         0x13 (size before relaxing)
 .rodata.StartDefaultTask.str1.1
                0x0000000008009d52       0x2b ./Core/Src/main.o
 .rodata.str1.1
                0x0000000008009d7d       0x27 ./Core/Src/main.o
 .rodata.Encoder_attributes
                0x0000000008009da4       0x24 ./Core/Src/main.o
                0x0000000008009da4                Encoder_attributes
 .rodata.MotorTask_attributes
                0x0000000008009dc8       0x24 ./Core/Src/main.o
                0x0000000008009dc8                MotorTask_attributes
 .rodata.ShowTask_attributes
                0x0000000008009dec       0x24 ./Core/Src/main.o
                0x0000000008009dec                ShowTask_attributes
 .rodata.defaultTask_attributes
                0x0000000008009e10       0x24 ./Core/Src/main.o
                0x0000000008009e10                defaultTask_attributes
 .rodata.AHBPrescTable
                0x0000000008009e34       0x10 ./Core/Src/system_stm32f4xx.o
                0x0000000008009e34                AHBPrescTable
 .rodata.APBPrescTable
                0x0000000008009e44        0x8 ./Core/Src/system_stm32f4xx.o
                0x0000000008009e44                APBPrescTable
 .rodata.vTaskStartScheduler.str1.1
                0x0000000008009e4c        0x5 ./Middlewares/Third_Party/FreeRTOS/Source/tasks.o
 .rodata.prvCheckForValidListAndQueue.str1.1
                0x0000000008009e51        0x5 ./Middlewares/Third_Party/FreeRTOS/Source/timers.o
 .rodata.xTimerCreateTimerTask.str1.1
                0x0000000008009e56        0x8 ./Middlewares/Third_Party/FreeRTOS/Source/timers.o
 *fill*         0x0000000008009e5e        0x2 
 .rodata._global_impure_ptr
                0x0000000008009e60        0x4 c:/st/stm32cubeide_1.8.0/stm32cubeide/plugins/com.st.stm32cube.ide.mcu.externaltools.gnu-tools-for-stm32.9-2020-q2-update.win32_2.0.0.202105311346/tools/bin/../lib/gcc/arm-none-eabi/9.3.1/../../../../arm-none-eabi/lib/thumb/v7e-m+fp/hard\libc_nano.a(lib_a-impure.o)
                0x0000000008009e60                _global_impure_ptr
 .rodata._printf_float.str1.1
                0x0000000008009e64       0x12 c:/st/stm32cubeide_1.8.0/stm32cubeide/plugins/com.st.stm32cube.ide.mcu.externaltools.gnu-tools-for-stm32.9-2020-q2-update.win32_2.0.0.202105311346/tools/bin/../lib/gcc/arm-none-eabi/9.3.1/../../../../arm-none-eabi/lib/thumb/v7e-m+fp/hard\libc_nano.a(lib_a-nano-vfprintf_float.o)
 .rodata._printf_i.str1.1
                0x0000000008009e76       0x22 c:/st/stm32cubeide_1.8.0/stm32cubeide/plugins/com.st.stm32cube.ide.mcu.externaltools.gnu-tools-for-stm32.9-2020-q2-update.win32_2.0.0.202105311346/tools/bin/../lib/gcc/arm-none-eabi/9.3.1/../../../../arm-none-eabi/lib/thumb/v7e-m+fp/hard\libc_nano.a(lib_a-nano-vfprintf_i.o)
 .rodata._dtoa_r.str1.1
                0x0000000008009e98       0x94 c:/st/stm32cubeide_1.8.0/stm32cubeide/plugins/com.st.stm32cube.ide.mcu.externaltools.gnu-tools-for-stm32.9-2020-q2-update.win32_2.0.0.202105311346/tools/bin/../lib/gcc/arm-none-eabi/9.3.1/../../../../arm-none-eabi/lib/thumb/v7e-m+fp/hard\libc_nano.a(lib_a-dtoa.o)
                                         0x96 (size before relaxing)
 .rodata.__sf_fake_stderr
                0x0000000008009f2c       0x20 c:/st/stm32cubeide_1.8.0/stm32cubeide/plugins/com.st.stm32cube.ide.mcu.externaltools.gnu-tools-for-stm32.9-2020-q2-update.win32_2.0.0.202105311346/tools/bin/../lib/gcc/arm-none-eabi/9.3.1/../../../../arm-none-eabi/lib/thumb/v7e-m+fp/hard\libc_nano.a(lib_a-findfp.o)
                0x0000000008009f2c                __sf_fake_stderr
 .rodata.__sf_fake_stdin